2026-09-29T17:26:01Z attempt 1: 10 blocks of 100 trials on lan-ist, limit 2
block 1/10: wireguard
  50/100 trials
  100/100 trials
wireguard: 100/100 handshakes; latency median 0.77 ms, quartiles 0.68 to 0.90, p95 1.09, p99 1.18; steady round trip median 1.02 ms; 1 block(s); host load 0.07 to 0.51 on 8 threads
block 1/10: wireguard-psk
  50/100 trials
  100/100 trials
wireguard-psk: 100/100 handshakes; latency median 0.70 ms, quartiles 0.58 to 0.79, p95 1.00, p99 1.16; steady round trip median 1.03 ms; 1 block(s); host load 0.07 to 0.09 on 8 threads
block 1/10: rosenpass
  50/100 trials
  100/100 trials
rosenpass: 100/100 handshakes; latency median 0.73 ms, quartiles 0.66 to 0.85, p95 0.99, p99 1.25; steady round trip median 1.01 ms; 1 block(s); host load 0.0 to 0.09 on 8 threads
block 1/10: pq-wireguard
  50/100 trials
  100/100 trials
pq-wireguard: 100/100 handshakes; latency median 1.11 ms, quartiles 1.02 to 1.21, p95 1.34, p99 1.40; steady round trip median 1.00 ms; 1 block(s); host load 0.0 to 0.07 on 8 threads
block 1/10: wgzk-zk
  50/100 trials
  100/100 trials
wgzk-zk: 100/100 handshakes; latency median 1.38 ms, quartiles 1.19 to 1.50, p95 1.81, p99 1.91; steady round trip median 0.99 ms; 1 block(s); host load 0.03 to 0.07 on 8 threads
block 1/10: wgzk-zkpq
  50/100 trials
  100/100 trials
wgzk-zkpq: 100/100 handshakes; latency median 3.79 ms, quartiles 3.51 to 4.02, p95 4.27, p99 4.71; steady round trip median 1.03 ms; 1 block(s); host load 0.13 to 0.19 on 8 threads
block 2/10: wireguard
  50/100 trials
  100/100 trials
wireguard: 200/200 handshakes; latency median 0.79 ms, quartiles 0.69 to 0.90, p95 1.08, p99 1.18; steady round trip median 1.02 ms; 2 block(s); host load 0.07 to 0.51 on 8 threads
block 2/10: wireguard-psk
  50/100 trials
  100/100 trials
wireguard-psk: 200/200 handshakes; latency median 0.69 ms, quartiles 0.58 to 0.79, p95 0.98, p99 1.16; steady round trip median 1.03 ms; 2 block(s); host load 0.07 to 0.16 on 8 threads
block 2/10: rosenpass
  50/100 trials
  100/100 trials
rosenpass: 200/200 handshakes; latency median 0.72 ms, quartiles 0.64 to 0.82, p95 1.02, p99 1.25; steady round trip median 1.01 ms; 2 block(s); host load 0.0 to 0.16 on 8 threads
block 2/10: pq-wireguard
  50/100 trials
  100/100 trials
pq-wireguard: 200/200 handshakes; latency median 1.11 ms, quartiles 0.97 to 1.21, p95 1.36, p99 1.44; steady round trip median 1.00 ms; 2 block(s); host load 0.0 to 0.17 on 8 threads
block 2/10: wgzk-zk
  50/100 trials
  100/100 trials
wgzk-zk: 200/200 handshakes; latency median 1.34 ms, quartiles 1.18 to 1.46, p95 1.67, p99 1.90; steady round trip median 1.01 ms; 2 block(s); host load 0.03 to 0.17 on 8 threads
block 2/10: wgzk-zkpq
  50/100 trials
  100/100 trials
wgzk-zkpq: 200/200 handshakes; latency median 3.75 ms, quartiles 3.51 to 4.00, p95 4.27, p99 4.71; steady round trip median 1.01 ms; 2 block(s); host load 0.11 to 0.19 on 8 threads
block 3/10: wireguard
  50/100 trials
  100/100 trials
wireguard: 300/300 handshakes; latency median 0.77 ms, quartiles 0.66 to 0.89, p95 1.09, p99 1.18; steady round trip median 1.02 ms; 3 block(s); host load 0.05 to 0.51 on 8 threads
block 3/10: wireguard-psk
  50/100 trials
  100/100 trials
wireguard-psk: 300/300 handshakes; latency median 0.68 ms, quartiles 0.57 to 0.79, p95 0.97, p99 1.12; steady round trip median 1.03 ms; 3 block(s); host load 0.0 to 0.16 on 8 threads
block 3/10: rosenpass
  50/100 trials
  100/100 trials
rosenpass: 300/300 handshakes; latency median 0.72 ms, quartiles 0.63 to 0.82, p95 1.01, p99 1.25; steady round trip median 1.01 ms; 3 block(s); host load 0.0 to 0.16 on 8 threads
block 3/10: pq-wireguard
  50/100 trials
  100/100 trials
pq-wireguard: 300/300 handshakes; latency median 1.11 ms, quartiles 0.96 to 1.20, p95 1.39, p99 1.49; steady round trip median 0.99 ms; 3 block(s); host load 0.0 to 0.17 on 8 threads
block 3/10: wgzk-zk
  50/100 trials
  100/100 trials
wgzk-zk: 300/300 handshakes; latency median 1.36 ms, quartiles 1.20 to 1.49, p95 1.80, p99 1.91; steady round trip median 1.02 ms; 3 block(s); host load 0.03 to 0.23 on 8 threads
block 3/10: wgzk-zkpq
  50/100 trials
  100/100 trials
wgzk-zkpq: 300/300 handshakes; latency median 3.77 ms, quartiles 3.54 to 3.99, p95 4.24, p99 4.71; steady round trip median 1.02 ms; 3 block(s); host load 0.11 to 0.23 on 8 threads
block 4/10: wireguard
  50/100 trials
  100/100 trials
wireguard: 400/400 handshakes; latency median 0.74 ms, quartiles 0.63 to 0.87, p95 1.06, p99 1.18; steady round trip median 1.01 ms; 4 block(s); host load 0.05 to 0.51 on 8 threads
block 4/10: wireguard-psk
  50/100 trials
  100/100 trials
wireguard-psk: 400/400 handshakes; latency median 0.68 ms, quartiles 0.56 to 0.78, p95 0.96, p99 1.12; steady round trip median 1.02 ms; 4 block(s); host load 0.0 to 0.28 on 8 threads
block 4/10: rosenpass
  50/100 trials
  100/100 trials
rosenpass: 400/400 handshakes; latency median 0.71 ms, quartiles 0.60 to 0.82, p95 1.01, p99 1.25; steady round trip median 1.01 ms; 4 block(s); host load 0.0 to 0.23 on 8 threads
block 4/10: pq-wireguard
  50/100 trials
  100/100 trials
pq-wireguard: 400/400 handshakes; latency median 1.10 ms, quartiles 0.96 to 1.20, p95 1.37, p99 1.44; steady round trip median 1.00 ms; 4 block(s); host load 0.0 to 0.23 on 8 threads
block 4/10: wgzk-zk
  50/100 trials
  100/100 trials
wgzk-zk: 400/400 handshakes; latency median 1.38 ms, quartiles 1.23 to 1.53, p95 1.79, p99 1.90; steady round trip median 1.02 ms; 4 block(s); host load 0.03 to 0.23 on 8 threads
block 4/10: wgzk-zkpq
  50/100 trials
  100/100 trials
wgzk-zkpq: 400/400 handshakes; latency median 3.74 ms, quartiles 3.54 to 3.96, p95 4.23, p99 4.71; steady round trip median 1.02 ms; 4 block(s); host load 0.11 to 0.28 on 8 threads
block 5/10: wireguard
  50/100 trials
  100/100 trials
wireguard: 500/500 handshakes; latency median 0.72 ms, quartiles 0.62 to 0.86, p95 1.05, p99 1.18; steady round trip median 1.02 ms; 5 block(s); host load 0.05 to 0.51 on 8 threads
block 5/10: wireguard-psk
  50/100 trials
  100/100 trials
wireguard-psk: 500/500 handshakes; latency median 0.66 ms, quartiles 0.54 to 0.77, p95 0.96, p99 1.11; steady round trip median 1.02 ms; 5 block(s); host load 0.0 to 0.28 on 8 threads
block 5/10: rosenpass
  50/100 trials
  100/100 trials
rosenpass: 500/500 handshakes; latency median 0.72 ms, quartiles 0.61 to 0.83, p95 1.01, p99 1.25; steady round trip median 1.01 ms; 5 block(s); host load 0.0 to 0.24 on 8 threads
block 5/10: pq-wireguard
  50/100 trials
  100/100 trials
pq-wireguard: 500/500 handshakes; latency median 1.10 ms, quartiles 0.96 to 1.20, p95 1.37, p99 1.47; steady round trip median 1.00 ms; 5 block(s); host load 0.0 to 0.23 on 8 threads
block 5/10: wgzk-zk
  50/100 trials
  100/100 trials
wgzk-zk: 500/500 handshakes; latency median 1.39 ms, quartiles 1.24 to 1.53, p95 1.80, p99 1.91; steady round trip median 1.02 ms; 5 block(s); host load 0.03 to 0.23 on 8 threads
block 5/10: wgzk-zkpq
  50/100 trials
  100/100 trials
wgzk-zkpq: 500/500 handshakes; latency median 3.74 ms, quartiles 3.54 to 3.96, p95 4.24, p99 4.71; steady round trip median 1.02 ms; 5 block(s); host load 0.02 to 0.28 on 8 threads
block 6/10: wireguard
  50/100 trials
  100/100 trials
wireguard: 600/600 handshakes; latency median 0.72 ms, quartiles 0.62 to 0.85, p95 1.03, p99 1.18; steady round trip median 1.01 ms; 6 block(s); host load 0.02 to 0.51 on 8 threads
block 6/10: wireguard-psk
  50/100 trials
  100/100 trials
wireguard-psk: 600/600 handshakes; latency median 0.65 ms, quartiles 0.53 to 0.76, p95 0.96, p99 1.06; steady round trip median 1.02 ms; 6 block(s); host load 0.0 to 0.28 on 8 threads
block 6/10: rosenpass
  50/100 trials
  100/100 trials
rosenpass: 600/600 handshakes; latency median 0.71 ms, quartiles 0.60 to 0.82, p95 0.99, p99 1.23; steady round trip median 1.01 ms; 6 block(s); host load 0.0 to 0.24 on 8 threads
block 6/10: pq-wireguard
  50/100 trials
  100/100 trials
pq-wireguard: 600/600 handshakes; latency median 1.10 ms, quartiles 0.96 to 1.20, p95 1.37, p99 1.47; steady round trip median 1.00 ms; 6 block(s); host load 0.0 to 0.23 on 8 threads
block 6/10: wgzk-zk
  50/100 trials
  100/100 trials
wgzk-zk: 600/600 handshakes; latency median 1.39 ms, quartiles 1.24 to 1.53, p95 1.80, p99 1.94; steady round trip median 1.02 ms; 6 block(s); host load 0.03 to 0.23 on 8 threads
block 6/10: wgzk-zkpq
  50/100 trials
  100/100 trials
wgzk-zkpq: 600/600 handshakes; latency median 3.71 ms, quartiles 3.51 to 3.94, p95 4.23, p99 4.56; steady round trip median 1.02 ms; 6 block(s); host load 0.02 to 0.28 on 8 threads
block 7/10: wireguard
  50/100 trials
  100/100 trials
wireguard: 700/700 handshakes; latency median 0.71 ms, quartiles 0.62 to 0.84, p95 1.03, p99 1.17; steady round trip median 1.01 ms; 7 block(s); host load 0.02 to 0.51 on 8 threads
block 7/10: wireguard-psk
  50/100 trials
  100/100 trials
wireguard-psk: 700/700 handshakes; latency median 0.64 ms, quartiles 0.51 to 0.75, p95 0.96, p99 1.11; steady round trip median 1.02 ms; 7 block(s); host load 0.0 to 0.28 on 8 threads
block 7/10: rosenpass
  50/100 trials
  100/100 trials
rosenpass: 700/700 handshakes; latency median 0.70 ms, quartiles 0.60 to 0.82, p95 0.99, p99 1.21; steady round trip median 1.01 ms; 7 block(s); host load 0.0 to 0.24 on 8 threads
block 7/10: pq-wireguard
  50/100 trials
  100/100 trials
pq-wireguard: 700/700 handshakes; latency median 1.10 ms, quartiles 0.96 to 1.20, p95 1.37, p99 1.46; steady round trip median 0.99 ms; 7 block(s); host load 0.0 to 0.23 on 8 threads
block 7/10: wgzk-zk
  50/100 trials
  100/100 trials
wgzk-zk: 700/700 handshakes; latency median 1.38 ms, quartiles 1.23 to 1.52, p95 1.80, p99 1.94; steady round trip median 1.01 ms; 7 block(s); host load 0.03 to 0.23 on 8 threads
block 7/10: wgzk-zkpq
  50/100 trials
  100/100 trials
wgzk-zkpq: 700/700 handshakes; latency median 3.70 ms, quartiles 3.49 to 3.91, p95 4.20, p99 4.56; steady round trip median 1.02 ms; 7 block(s); host load 0.02 to 0.28 on 8 threads
block 8/10: wireguard
  50/100 trials
  100/100 trials
wireguard: 800/800 handshakes; latency median 0.72 ms, quartiles 0.62 to 0.86, p95 1.06, p99 1.18; steady round trip median 1.01 ms; 8 block(s); host load 0.02 to 0.51 on 8 threads
block 8/10: wireguard-psk
  50/100 trials
  100/100 trials
wireguard-psk: 800/800 handshakes; latency median 0.64 ms, quartiles 0.52 to 0.76, p95 0.96, p99 1.12; steady round trip median 1.02 ms; 8 block(s); host load 0.0 to 0.28 on 8 threads
block 8/10: rosenpass
  50/100 trials
  100/100 trials
rosenpass: 800/800 handshakes; latency median 0.71 ms, quartiles 0.60 to 0.82, p95 0.99, p99 1.20; steady round trip median 1.02 ms; 8 block(s); host load 0.0 to 0.24 on 8 threads
block 8/10: pq-wireguard
  50/100 trials
  100/100 trials
pq-wireguard: 800/800 handshakes; latency median 1.10 ms, quartiles 0.96 to 1.21, p95 1.37, p99 1.49; steady round trip median 0.99 ms; 8 block(s); host load 0.0 to 0.23 on 8 threads
block 8/10: wgzk-zk
  50/100 trials
  100/100 trials
wgzk-zk: 800/800 handshakes; latency median 1.37 ms, quartiles 1.22 to 1.51, p95 1.79, p99 1.94; steady round trip median 1.01 ms; 8 block(s); host load 0.03 to 0.23 on 8 threads
block 8/10: wgzk-zkpq
  50/100 trials
  100/100 trials
wgzk-zkpq: 800/800 handshakes; latency median 3.69 ms, quartiles 3.49 to 3.90, p95 4.19, p99 4.56; steady round trip median 1.02 ms; 8 block(s); host load 0.02 to 0.29 on 8 threads
block 9/10: wireguard
  50/100 trials
  100/100 trials
wireguard: 900/900 handshakes; latency median 0.73 ms, quartiles 0.62 to 0.86, p95 1.07, p99 1.18; steady round trip median 1.01 ms; 9 block(s); host load 0.02 to 0.51 on 8 threads
block 9/10: wireguard-psk
  50/100 trials
  100/100 trials
wireguard-psk: 900/900 handshakes; latency median 0.64 ms, quartiles 0.52 to 0.76, p95 0.96, p99 1.12; steady round trip median 1.02 ms; 9 block(s); host load 0.0 to 0.28 on 8 threads
block 9/10: rosenpass
  50/100 trials
  100/100 trials
rosenpass: 900/900 handshakes; latency median 0.71 ms, quartiles 0.61 to 0.83, p95 1.00, p99 1.18; steady round trip median 1.02 ms; 9 block(s); host load 0.0 to 0.24 on 8 threads
block 9/10: pq-wireguard
  50/100 trials
  100/100 trials
pq-wireguard: 900/900 handshakes; latency median 1.10 ms, quartiles 0.97 to 1.21, p95 1.38, p99 1.50; steady round trip median 1.00 ms; 9 block(s); host load 0.0 to 0.23 on 8 threads
block 9/10: wgzk-zk
  50/100 trials
  100/100 trials
wgzk-zk: 900/900 handshakes; latency median 1.37 ms, quartiles 1.22 to 1.50, p95 1.77, p99 1.94; steady round trip median 1.01 ms; 9 block(s); host load 0.03 to 0.23 on 8 threads
block 9/10: wgzk-zkpq
  50/100 trials
  100/100 trials
wgzk-zkpq: 900/900 handshakes; latency median 3.68 ms, quartiles 3.49 to 3.90, p95 4.19, p99 4.56; steady round trip median 1.02 ms; 9 block(s); host load 0.02 to 0.29 on 8 threads
block 10/10: wireguard
  50/100 trials
  100/100 trials
wireguard: 1000/1000 handshakes; latency median 0.72 ms, quartiles 0.62 to 0.86, p95 1.07, p99 1.19; steady round trip median 1.01 ms; 10 block(s); host load 0.02 to 0.51 on 8 threads
block 10/10: wireguard-psk
  50/100 trials
  100/100 trials
wireguard-psk: 1000/1000 handshakes; latency median 0.65 ms, quartiles 0.53 to 0.77, p95 0.96, p99 1.14; steady round trip median 1.03 ms; 10 block(s); host load 0.0 to 0.28 on 8 threads
block 10/10: rosenpass
  50/100 trials
  100/100 trials
rosenpass: 1000/1000 handshakes; latency median 0.71 ms, quartiles 0.61 to 0.82, p95 1.00, p99 1.18; steady round trip median 1.02 ms; 10 block(s); host load 0.0 to 0.24 on 8 threads
block 10/10: pq-wireguard
  50/100 trials
  100/100 trials
pq-wireguard: 1000/1000 handshakes; latency median 1.10 ms, quartiles 0.96 to 1.21, p95 1.38, p99 1.50; steady round trip median 1.00 ms; 10 block(s); host load 0.0 to 0.23 on 8 threads
block 10/10: wgzk-zk
  50/100 trials
  100/100 trials
wgzk-zk: 1000/1000 handshakes; latency median 1.37 ms, quartiles 1.23 to 1.52, p95 1.80, p99 1.97; steady round trip median 1.01 ms; 10 block(s); host load 0.03 to 0.23 on 8 threads
block 10/10: wgzk-zkpq
  50/100 trials
  100/100 trials
wgzk-zkpq: 1000/1000 handshakes; latency median 3.68 ms, quartiles 3.47 to 3.90, p95 4.18, p99 4.56; steady round trip median 1.02 ms; 10 block(s); host load 0.02 to 0.29 on 8 threads
## Handshake latency (ms): first packet to its reply, minus the steady round trip

| run | system | blocks | trials | succeeded | failed | host load, lowest to highest | threads |
|---|---|---|---|---|---|---|---|
| wireguard | wireguard | 10 | 1000 | 1000 | 0 | 0.02 to 0.51 | 8 |
| wireguard-psk | wireguard-psk | 10 | 1000 | 1000 | 0 | 0.0 to 0.28 | 8 |
| rosenpass | rosenpass | 10 | 1000 | 1000 | 0 | 0.0 to 0.24 | 8 |
| pq-wireguard | pq-wireguard | 10 | 1000 | 1000 | 0 | 0.0 to 0.23 | 8 |
| wgzk-zk | wgzk-zk | 10 | 1000 | 1000 | 0 | 0.03 to 0.23 | 8 |
| wgzk-zkpq | wgzk-zkpq | 10 | 1000 | 1000 | 0 | 0.02 to 0.29 | 8 |

| run | n | median | p25 | p75 | p95 | p99 | max |
|---|---|---|---|---|---|---|---|
| wireguard | 1000 | 0.72 | 0.62 | 0.86 | 1.07 | 1.19 | 1.76 |
| wireguard-psk | 1000 | 0.65 | 0.53 | 0.77 | 0.96 | 1.14 | 1.43 |
| rosenpass | 1000 | 0.71 | 0.61 | 0.82 | 1.00 | 1.18 | 1.39 |
| pq-wireguard | 1000 | 1.10 | 0.96 | 1.21 | 1.38 | 1.50 | 2.07 |
| wgzk-zk | 1000 | 1.37 | 1.23 | 1.52 | 1.80 | 1.97 | 2.54 |
| wgzk-zkpq | 1000 | 3.68 | 3.47 | 3.90 | 4.18 | 4.56 | 5.27 |

## Steady round trip over the established session (ms)

| run | n | median | p25 | p75 | p95 | p99 | max |
|---|---|---|---|---|---|---|---|
| wireguard | 1000 | 1.01 | 0.95 | 1.06 | 1.13 | 1.20 | 1.28 |
| wireguard-psk | 1000 | 1.03 | 0.97 | 1.07 | 1.14 | 1.25 | 1.43 |
| rosenpass | 1000 | 1.02 | 0.95 | 1.07 | 1.14 | 1.22 | 1.32 |
| pq-wireguard | 1000 | 1.00 | 0.94 | 1.03 | 1.10 | 1.19 | 1.41 |
| wgzk-zk | 1000 | 1.01 | 0.96 | 1.06 | 1.14 | 1.20 | 1.43 |
| wgzk-zkpq | 1000 | 1.02 | 0.96 | 1.07 | 1.14 | 1.21 | 1.40 |

## Rosenpass: key exchange and cold start (ms)

| run, part | n | median | p25 | p75 | p95 | p99 | max |
|---|---|---|---|---|---|---|---|
| rosenpass, exchange | 1000 | 25.25 | 24.83 | 26.97 | 28.47 | 30.08 | 32.43 |
| rosenpass, exchange + handshake | 1000 | 26.01 | 25.52 | 27.60 | 29.25 | 30.79 | 33.35 |

## This design: phases inside the daemons (ms), trials with exactly one handshake


### wgzk-zk (1000 trials)

| side, phase | n | median | p25 | p75 | p95 | p99 | max |
|---|---|---|---|---|---|---|---|
| client, zk | 1000 | 0.05 | 0.05 | 0.05 | 0.11 | 0.13 | 0.18 |
| client, encap | 1000 | 0.00 | 0.00 | 0.00 | 0.00 | 0.00 | 0.07 |
| client, tls | 1000 | 0.00 | 0.00 | 0.00 | 0.00 | 0.00 | 0.00 |
| client, write | 1000 | 0.00 | 0.00 | 0.00 | 0.00 | 0.00 | 0.00 |
| client, psk | 1000 | 0.00 | 0.00 | 0.00 | 0.00 | 0.00 | 0.00 |
| client, total | 1000 | 0.07 | 0.07 | 0.08 | 0.14 | 0.17 | 0.22 |
| gateway, wait_ct | 1000 | 0.00 | 0.00 | 0.00 | 0.00 | 0.00 | 0.00 |
| gateway, verify | 1000 | 0.10 | 0.09 | 0.10 | 0.13 | 0.26 | 0.32 |
| gateway, decap | 1000 | 0.00 | 0.00 | 0.00 | 0.00 | 0.00 | 0.00 |
| gateway, peer | 1000 | 0.08 | 0.07 | 0.08 | 0.12 | 0.12 | 0.15 |
| gateway, total | 1000 | 0.20 | 0.19 | 0.22 | 0.25 | 0.38 | 0.44 |
| outside the daemons | 1000 | 1.08 | 0.94 | 1.22 | 1.49 | 1.67 | 2.23 |

### wgzk-zkpq (1000 trials)

| side, phase | n | median | p25 | p75 | p95 | p99 | max |
|---|---|---|---|---|---|---|---|
| client, zk | 1000 | 0.05 | 0.05 | 0.05 | 0.11 | 0.13 | 0.15 |
| client, encap | 1000 | 0.07 | 0.07 | 0.08 | 0.14 | 0.16 | 0.20 |
| client, tls | 1000 | 2.13 | 2.02 | 2.24 | 2.40 | 2.54 | 3.07 |
| client, write | 1000 | 0.01 | 0.01 | 0.01 | 0.03 | 0.06 | 0.08 |
| client, psk | 1000 | 0.03 | 0.03 | 0.04 | 0.04 | 0.09 | 0.11 |
| client, total | 1000 | 2.35 | 2.23 | 2.47 | 2.64 | 2.80 | 3.40 |
| gateway, wait_ct | 1000 | 0.00 | 0.00 | 0.00 | 0.00 | 0.00 | 0.09 |
| gateway, verify | 1000 | 0.10 | 0.10 | 0.11 | 0.16 | 0.17 | 0.29 |
| gateway, decap | 1000 | 0.09 | 0.09 | 0.10 | 0.14 | 0.16 | 0.28 |
| gateway, peer | 1000 | 0.08 | 0.07 | 0.08 | 0.12 | 0.14 | 0.28 |
| gateway, total | 1000 | 0.33 | 0.30 | 0.36 | 0.41 | 0.47 | 0.64 |
| outside the daemons | 1000 | 1.00 | 0.84 | 1.16 | 1.35 | 1.54 | 1.80 |

## CPU time per handshake (ms)

Daemon: on-CPU time of its threads. All tasks: on-CPU time of every task of the machine,
idle window subtracted; it contains the driver of the trials. Interrupts: tick counts of
10 ms, idle window subtracted.

| run | machine | handshakes | daemon | all tasks | interrupts (ticks) | window (s) |
|---|---|---|---|---|---|---|
| wireguard | client | 1000 |  | 8.408 | 0.130 | 1138.4 |
| wireguard | gateway | 1000 |  | -2.318 | 0.130 | 1138.4 |
| wireguard-psk | client | 1000 |  | 8.895 | 0.060 | 1138.2 |
| wireguard-psk | gateway | 1000 |  | -2.168 | 0.130 | 1138.4 |
| rosenpass | client | 1000 |  | 67.818 | 0.140 | 1270.3 |
| rosenpass | gateway | 1000 | 8.039 | 6.072 | 0.150 | 1270.2 |
| pq-wireguard | client | 1000 |  | 50.344 | 0.070 | 1206.5 |
| pq-wireguard | gateway | 1000 |  | -1.899 | 0.180 | 1206.5 |
| wgzk-zk | client | 1000 | 0.194 | 16.519 | 0.100 | 1151.5 |
| wgzk-zk | gateway | 1000 | 0.605 | -1.575 | 0.130 | 1151.6 |
| wgzk-zkpq | client | 1000 | 0.830 | 4.747 | 0.148 | 1154.9 |
| wgzk-zkpq | gateway | 1000 | 1.208 | -0.674 | 0.240 | 1155.1 |

2026-09-29T19:55:22Z campaign complete
