
$ [gateway] install -m 755 /vagrant/bench/acceptance/wgzk_probe.py /usr/local/bin/wgzk_probe.py; mkdir -p /etc/systemd/journald.conf.d; printf '[Journal]\nRateLimitIntervalSec=0\n' > /etc/systemd/journald.conf.d/wgzk.conf; systemctl restart systemd-journald; rm -rf /etc/systemd/system/wgzk.service.d /etc/wgzk-test.env; pkill tcpdump; bash /vagrant/vagrant/02-load-module.sh && WGZK_VARIANT=zk-only bash /vagrant/vagrant/03-gateway.sh
==> Kernel: 6.8.0-59-generic
==> insmod OK
==> lsmod:
wireguard             135168  0
curve25519_x86_64      36864  1 wireguard
libcurve25519_generic    45056  2 curve25519_x86_64,wireguard
ip6_udp_tunnel         16384  1 wireguard
udp_tunnel             32768  1 wireguard
libchacha20poly1305    20480  1 wireguard
==> wireguard.ko loaded OK — wgzk genl registered
active
==> wgzk daemon running (gateway, zk-only, epoch 1)
interface: wg1r
  public key: /04haUify5NyBHxcAlPNMZYDW7ZeFUCWRvTnHZkKQmE=
  private key: (hidden)
  listening port: 51921
[exit 0]

$ [gateway] iptables -D INPUT -p udp --dport 51921 -j DROP 2>/dev/null; true
[exit 0]

$ [client] install -m 755 /vagrant/bench/acceptance/wgzk_probe.py /usr/local/bin/wgzk_probe.py; mkdir -p /etc/systemd/journald.conf.d; printf '[Journal]\nRateLimitIntervalSec=0\n' > /etc/systemd/journald.conf.d/wgzk.conf; systemctl restart systemd-journald; rm -rf /etc/systemd/system/wgzk.service.d /etc/wgzk-test.env; bash /vagrant/vagrant/02-load-module.sh && PEER_IP=192.168.100.1 WGZK_VARIANT=zk-only bash /vagrant/vagrant/03-client.sh
==> Kernel: 6.8.0-59-generic
==> insmod OK
==> lsmod:
wireguard             135168  0
curve25519_x86_64      36864  1 wireguard
libcurve25519_generic    45056  2 curve25519_x86_64,wireguard
ip6_udp_tunnel         16384  1 wireguard
udp_tunnel             32768  1 wireguard
libchacha20poly1305    20480  1 wireguard
==> wireguard.ko loaded OK — wgzk genl registered
public_key=uCvJzcQGh0byrfvz/KrEWPMRXmyO6fpcQ3RQR6R2yDU=
address=fd57:475a:4b00:0:33ab:f529:de61:a24b
active
==> wgzk daemon running (client, zk-only, epoch 1)
interface: wg1l
  public key: uCvJzcQGh0byrfvz/KrEWPMRXmyO6fpcQ3RQR6R2yDU=
  private key: (hidden)
  listening port: 41714

peer: /04haUify5NyBHxcAlPNMZYDW7ZeFUCWRvTnHZkKQmE=
  endpoint: 192.168.100.1:51921
  allowed ips: fd57:475a:4b00::/64
[exit 0]

$ [gateway] iptables -I INPUT -p udp --dport 51921 -j DROP
[exit 0]

$ [client] python3 /usr/local/bin/wgzk_probe.py capture --iface enp0s8 --out /tmp/fresh.bin --timeout 8 --gw-pub /04haUify5NyBHxcAlPNMZYDW7ZeFUCWRvTnHZkKQmE= & sleep 0.7; ping -6 -c 1 -W 2 fd57:475a:4b00::1 >/dev/null; wait; ip link set wg1l down
{"event": "captured", "mac1_ok": true, "n": 1, "nonce4": "d5ce1466", "sender_index": 441386183, "sport": 41714}
{"captured": 1, "event": "capture_done", "wanted": 1}
[exit 0]

$ [gateway] iptables -D INPUT -p udp --dport 51921 -j DROP
[exit 0]

$ [client] wg show wg1l public-key
uCvJzcQGh0byrfvz/KrEWPMRXmyO6fpcQ3RQR6R2yDU=
[exit 0]

$ [client] systemctl stop wgzk; umask 077; wg genkey | tee /tmp/atk.key | wg pubkey > /tmp/atk.pub; ip link add wgatk type wireguard; wg set wgatk private-key /tmp/atk.key peer /04haUify5NyBHxcAlPNMZYDW7ZeFUCWRvTnHZkKQmE= allowed-ips fd57:475a:4b00::/64 endpoint 192.168.100.1:51921; ip -6 addr add $(wg-zk-daemon derive-addr $(cat /tmp/atk.pub))/128 dev wgatk; ip link set wgatk mtu 1380 up; ip -6 route replace fd57:475a:4b00::/64 dev wgatk
[exit 0]

$ [client] cat /tmp/atk.pub
2ZK4SACBcbzEBFiZ44osXW1B9baYfPkIFReI4asxUHg=
[exit 0]

$ [gateway] cat /sys/kernel/debug/wgzk/stats
pending 0
proof_requests 0
proofs_set 0
deferred 0
refused_full 0
undecryptable 0
accepted 0
refused_handshake 0
rejected 0
expired 0
late_verdict 0
legacy_dropped 0
[exit 0]

$ [gateway] wg show wg1r allowed-ips
[exit 0]

$ [gateway] journalctl -u wgzk -n 1 --show-cursor -o cat --no-pager | tail -1
-- cursor: s=0a141c1a721742609e902a150aa68efe;i=1180c;b=88dd17b1f48f4d6e89e06cff6d7c7b62;m=13c37d452;t=65ca0cea93607;x=f5fb98d3a8b71f85
[exit 0]

$ [client] python3 /usr/local/bin/wgzk_probe.py proof --iface wgatk --in /tmp/fresh.bin --seconds 8 & sleep 0.7; ping -6 -c 1 -W 2 fd57:475a:4b00::1; wait
{"event": "waiting", "iface": "wgatk", "ifindex": 136, "seconds": 8.0}
{"errno": 0, "event": "proof_set", "ifindex": 136, "local_pub": "2ZK4SACBcbzEBFiZ44osXW1B9baYfPkIFReI4asxUHg=", "nonce4": "d5ce1466", "peer_id": 2, "peer_pub": "/04haUify5NyBHxcAlPNMZYDW7ZeFUCWRvTnHZkKQmE=", "token": 4178214115}
PING fd57:475a:4b00::1(fd57:475a:4b00::1) 56 data bytes

--- fd57:475a:4b00::1 ping statistics ---
1 packets transmitted, 0 received, 100% packet loss, time 0ms

[exit 0]

$ [gateway] cat /sys/kernel/debug/wgzk/stats
pending 0
proof_requests 0
proofs_set 0
deferred 1
refused_full 0
undecryptable 0
accepted 0
refused_handshake 0
rejected 1
expired 0
late_verdict 0
legacy_dropped 0
[exit 0]

$ [gateway] wg show wg1r allowed-ips
[exit 0]

$ [gateway] journalctl -u wgzk -o cat --no-pager --after-cursor='s=0a141c1a721742609e902a150aa68efe;i=1180c;b=88dd17b1f48f4d6e89e06cff6d7c7b62;m=13c37d452;t=65ca0cea93607;x=f5fb98d3a8b71f85'
[timing] side=gateway pending_id=1 token=- nonce_prefix=d5ce1466 result=fail reason=proof wait_ct_us=0 verify_us=416 decap_us=0 peer_us=0 total_us=462
[exit 0]
