
$ [gateway] install -m 755 /vagrant/bench/acceptance/wgzk_probe.py /usr/local/bin/wgzk_probe.py; mkdir -p /etc/systemd/journald.conf.d; printf '[Journal]\nRateLimitIntervalSec=0\n' > /etc/systemd/journald.conf.d/wgzk.conf; systemctl restart systemd-journald; rm -rf /etc/systemd/system/wgzk.service.d /etc/wgzk-test.env; pkill tcpdump; bash /vagrant/vagrant/02-load-module.sh && WGZK_VARIANT=zk-only bash /vagrant/vagrant/03-gateway.sh
==> Kernel: 6.8.0-59-generic
==> insmod OK
==> lsmod:
wireguard             135168  0
curve25519_x86_64      36864  1 wireguard
libcurve25519_generic    45056  2 curve25519_x86_64,wireguard
ip6_udp_tunnel         16384  1 wireguard
udp_tunnel             32768  1 wireguard
libchacha20poly1305    20480  1 wireguard
==> wireguard.ko loaded OK — wgzk genl registered
active
==> wgzk daemon running (gateway, zk-only, epoch 1)
interface: wg1r
  public key: /04haUify5NyBHxcAlPNMZYDW7ZeFUCWRvTnHZkKQmE=
  private key: (hidden)
  listening port: 51921
[exit 0]

$ [gateway] iptables -D INPUT -p udp --dport 51921 -j DROP 2>/dev/null; true
[exit 0]

$ [client] install -m 755 /vagrant/bench/acceptance/wgzk_probe.py /usr/local/bin/wgzk_probe.py; mkdir -p /etc/systemd/journald.conf.d; printf '[Journal]\nRateLimitIntervalSec=0\n' > /etc/systemd/journald.conf.d/wgzk.conf; systemctl restart systemd-journald; rm -rf /etc/systemd/system/wgzk.service.d /etc/wgzk-test.env; bash /vagrant/vagrant/02-load-module.sh && PEER_IP=192.168.100.1 WGZK_VARIANT=zk-only bash /vagrant/vagrant/03-client.sh
==> Kernel: 6.8.0-59-generic
==> insmod OK
==> lsmod:
wireguard             135168  0
curve25519_x86_64      36864  1 wireguard
libcurve25519_generic    45056  2 curve25519_x86_64,wireguard
ip6_udp_tunnel         16384  1 wireguard
udp_tunnel             32768  1 wireguard
libchacha20poly1305    20480  1 wireguard
==> wireguard.ko loaded OK — wgzk genl registered
public_key=CHzTjoJUqZWLykj6F9UADkmyoxxjz43och1SSg/y1WU=
address=fd57:475a:4b00:0:4bfc:905f:c15:d0b5
active
==> wgzk daemon running (client, zk-only, epoch 1)
interface: wg1l
  public key: CHzTjoJUqZWLykj6F9UADkmyoxxjz43och1SSg/y1WU=
  private key: (hidden)
  listening port: 45246

peer: /04haUify5NyBHxcAlPNMZYDW7ZeFUCWRvTnHZkKQmE=
  endpoint: 192.168.100.1:51921
  allowed ips: fd57:475a:4b00::/64
[exit 0]

$ [client] python3 /usr/local/bin/wgzk_probe.py capture --iface enp0s8 --out /tmp/accepted.bin --timeout 8 --gw-pub /04haUify5NyBHxcAlPNMZYDW7ZeFUCWRvTnHZkKQmE= & sleep 0.7; ping -6 -c 1 -W 2 fd57:475a:4b00::1 >/dev/null; echo ping=$?; wait
{"event": "captured", "mac1_ok": true, "n": 1, "nonce4": "91efe6d6", "sender_index": 1922113209, "sport": 45246}
{"captured": 1, "event": "capture_done", "wanted": 1}
ping=0
[exit 0]

$ [gateway] cat /sys/kernel/debug/wgzk/stats
pending 0
proof_requests 0
proofs_set 0
deferred 1
refused_full 0
undecryptable 0
accepted 1
refused_handshake 0
rejected 0
expired 0
late_verdict 0
legacy_dropped 0
[exit 0]

$ [gateway] wg show wg1r allowed-ips
CHzTjoJUqZWLykj6F9UADkmyoxxjz43och1SSg/y1WU=	fd57:475a:4b00:0:4bfc:905f:c15:d0b5/128
[exit 0]

$ [gateway] (while sleep 0.1; do head -1 /sys/kernel/debug/wgzk/stats; done > /tmp/pending.log 2>&1 </dev/null & echo $! > /tmp/sampler.pid); true
[exit 0]

$ [gateway] systemctl stop wgzk
[exit 0]

$ [client] python3 /usr/local/bin/wgzk_probe.py send --in /tmp/accepted.bin --mutate s --gw-pub /04haUify5NyBHxcAlPNMZYDW7ZeFUCWRvTnHZkKQmE= --dst 192.168.100.1:51921 --count 5000 --rate 2500 --listen 1
{"bytes": 244, "cookie_replies": 167, "count": 5000, "event": "sent", "mutate": "s", "nonce4": "91efe6d6", "other_replies": 0, "plain": false, "responses": 0, "seconds": 2.0, "sender_index": 1922113209}
[exit 0]

$ [gateway] systemctl start wgzk; sleep 1.5
[exit 0]

$ [gateway] ps -o rss= -C wg-zk-daemon | head -1
 4864
[exit 0]

$ [client] python3 /usr/local/bin/wgzk_probe.py send --in /tmp/accepted.bin --mutate s --gw-pub /04haUify5NyBHxcAlPNMZYDW7ZeFUCWRvTnHZkKQmE= --dst 192.168.100.1:51921 --count 5000 --rate 2500 --listen 1
{"bytes": 244, "cookie_replies": 168, "count": 5000, "event": "sent", "mutate": "s", "nonce4": "91efe6d6", "other_replies": 0, "plain": false, "responses": 0, "seconds": 2.003, "sender_index": 1922113209}
[exit 0]

$ [gateway] cat /sys/kernel/debug/wgzk/stats
pending 0
proof_requests 0
proofs_set 0
deferred 1642
refused_full 0
undecryptable 0
accepted 1
refused_handshake 0
rejected 1129
expired 512
late_verdict 0
legacy_dropped 0
[exit 0]

$ [gateway] wg show wg1r allowed-ips
CHzTjoJUqZWLykj6F9UADkmyoxxjz43och1SSg/y1WU=	fd57:475a:4b00:0:4bfc:905f:c15:d0b5/128
[exit 0]

$ [gateway] ps -o rss= -C wg-zk-daemon | head -1
 5136
[exit 0]

$ [gateway] kill $(cat /tmp/sampler.pid) 2>/dev/null; rm -f /tmp/sampler.pid; true
[exit 0]

$ [gateway] awk '{ if ($2 > m) m = $2 } END { print m + 0 }' /tmp/pending.log; cat /sys/module/wireguard/parameters/pending_max
512
1024
[exit 0]

$ [client] wg-zk-daemon new-connection --iface wg1l >/dev/null
[exit 0]

$ [client] wg show wg1l public-key
1qqshetht07Eib5a70Zr5/bg2hqq1HTLiG7GKo1sTEM=
[exit 0]

$ [client] ping -6 -c 1 -W 3 fd57:475a:4b00::1
PING fd57:475a:4b00::1(fd57:475a:4b00::1) 56 data bytes
64 bytes from fd57:475a:4b00::1: icmp_seq=1 ttl=64 time=6.16 ms

--- fd57:475a:4b00::1 ping statistics ---
1 packets transmitted, 1 received, 0% packet loss, time 0ms
rtt min/avg/max/mdev = 6.160/6.160/6.160/0.000 ms
[exit 0]
