
$ [gateway] install -m 755 /vagrant/bench/acceptance/wgzk_probe.py /usr/local/bin/wgzk_probe.py; mkdir -p /etc/systemd/journald.conf.d; printf '[Journal]\nRateLimitIntervalSec=0\n' > /etc/systemd/journald.conf.d/wgzk.conf; systemctl restart systemd-journald; rm -rf /etc/systemd/system/wgzk.service.d /etc/wgzk-test.env; pkill tcpdump; bash /vagrant/vagrant/02-load-module.sh && WGZK_VARIANT=zk-only bash /vagrant/vagrant/03-gateway.sh
==> Kernel: 6.8.0-59-generic
==> insmod OK
==> lsmod:
wireguard             135168  0
curve25519_x86_64      36864  1 wireguard
libcurve25519_generic    45056  2 curve25519_x86_64,wireguard
ip6_udp_tunnel         16384  1 wireguard
udp_tunnel             32768  1 wireguard
libchacha20poly1305    20480  1 wireguard
==> wireguard.ko loaded OK — wgzk genl registered
active
==> wgzk daemon running (gateway, zk-only, epoch 1)
interface: wg1r
  public key: /04haUify5NyBHxcAlPNMZYDW7ZeFUCWRvTnHZkKQmE=
  private key: (hidden)
  listening port: 51921
[exit 0]

$ [gateway] iptables -D INPUT -p udp --dport 51921 -j DROP 2>/dev/null; true
[exit 0]

$ [client] install -m 755 /vagrant/bench/acceptance/wgzk_probe.py /usr/local/bin/wgzk_probe.py; mkdir -p /etc/systemd/journald.conf.d; printf '[Journal]\nRateLimitIntervalSec=0\n' > /etc/systemd/journald.conf.d/wgzk.conf; systemctl restart systemd-journald; rm -rf /etc/systemd/system/wgzk.service.d /etc/wgzk-test.env; bash /vagrant/vagrant/02-load-module.sh && PEER_IP=192.168.100.1 WGZK_VARIANT=zk-only bash /vagrant/vagrant/03-client.sh
==> Kernel: 6.8.0-59-generic
==> insmod OK
==> lsmod:
wireguard             135168  0
curve25519_x86_64      36864  1 wireguard
libcurve25519_generic    45056  2 curve25519_x86_64,wireguard
ip6_udp_tunnel         16384  1 wireguard
udp_tunnel             32768  1 wireguard
libchacha20poly1305    20480  1 wireguard
==> wireguard.ko loaded OK — wgzk genl registered
public_key=jEjafy9RGwOuYVtHLkyJTqkhJ/VWnS6dhWBaR+i5LxA=
address=fd57:475a:4b00:0:5b48:8ac:2818:718b
active
==> wgzk daemon running (client, zk-only, epoch 1)
interface: wg1l
  public key: jEjafy9RGwOuYVtHLkyJTqkhJ/VWnS6dhWBaR+i5LxA=
  private key: (hidden)
  listening port: 32916

peer: /04haUify5NyBHxcAlPNMZYDW7ZeFUCWRvTnHZkKQmE=
  endpoint: 192.168.100.1:51921
  allowed ips: fd57:475a:4b00::/64
[exit 0]

$ [gateway] grep '^WGZK_PK_HEX=' /etc/wgzk.env | cut -d= -f2
00ace459bb0b7b71f68e44936a9c330ea949dd1dd118da7e1aabbbf64099e35c
[exit 0]

$ [client] umask 077; /vagrant/vagrant/artifacts/gen-pk | grep -E '^WGZK_(SK|PK)_HEX=' > /tmp/epoch2.env
[exit 0]

$ [client] grep '^WGZK_PK_HEX=' /tmp/epoch2.env | cut -d= -f2
dcdb82e47040bc1c8755b978bc1752b9f9678c10ca5858fa056b4ad81d661c6f
[exit 0]

$ [gateway] mkdir -p /etc/systemd/system/wgzk.service.d; umask 077; printf '%s\n' 'WGZK_EPOCH=2
WGZK_PK_HEX=dcdb82e47040bc1c8755b978bc1752b9f9678c10ca5858fa056b4ad81d661c6f
WGZK_PK_PREV_HEX=00ace459bb0b7b71f68e44936a9c330ea949dd1dd118da7e1aabbbf64099e35c' > /etc/wgzk-test.env; printf '%s' '[Service]
EnvironmentFile=/etc/wgzk-test.env
' > /etc/systemd/system/wgzk.service.d/test.conf; systemctl daemon-reload; systemctl restart wgzk; sleep 1; systemctl is-active wgzk
active
[exit 0]

$ [gateway] cat /sys/kernel/debug/wgzk/stats
pending 0
proof_requests 0
proofs_set 0
deferred 0
refused_full 0
undecryptable 0
accepted 0
refused_handshake 0
rejected 0
expired 0
late_verdict 0
legacy_dropped 0
[exit 0]

$ [client] ping -6 -c 1 -W 2 fd57:475a:4b00::1
PING fd57:475a:4b00::1(fd57:475a:4b00::1) 56 data bytes
64 bytes from fd57:475a:4b00::1: icmp_seq=1 ttl=64 time=7.48 ms

--- fd57:475a:4b00::1 ping statistics ---
1 packets transmitted, 1 received, 0% packet loss, time 0ms
rtt min/avg/max/mdev = 7.483/7.483/7.483/0.000 ms
[exit 0]

$ [gateway] cat /sys/kernel/debug/wgzk/stats
pending 0
proof_requests 0
proofs_set 0
deferred 1
refused_full 0
undecryptable 0
accepted 1
refused_handshake 0
rejected 0
expired 0
late_verdict 0
legacy_dropped 0
[exit 0]

$ [client] mkdir -p /etc/systemd/system/wgzk.service.d; umask 077; (grep '^WGZK_SK_HEX=' /tmp/epoch2.env; echo WGZK_EPOCH=2) > /etc/wgzk-test.env; printf '[Service]
EnvironmentFile=/etc/wgzk-test.env
' > /etc/systemd/system/wgzk.service.d/test.conf; systemctl daemon-reload; systemctl restart wgzk; sleep 1; systemctl is-active wgzk
active
[exit 0]

$ [client] wg-zk-daemon new-connection --iface wg1l >/dev/null
[exit 0]

$ [client] wg show wg1l public-key
0TyiKRwTb42Y6WChHCPzjlxt4zx9q8YBEqE+eCWRCnY=
[exit 0]

$ [client] ping -6 -c 1 -W 2 fd57:475a:4b00::1
PING fd57:475a:4b00::1(fd57:475a:4b00::1) 56 data bytes
64 bytes from fd57:475a:4b00::1: icmp_seq=1 ttl=64 time=9.77 ms

--- fd57:475a:4b00::1 ping statistics ---
1 packets transmitted, 1 received, 0% packet loss, time 0ms
rtt min/avg/max/mdev = 9.766/9.766/9.766/0.000 ms
[exit 0]

$ [gateway] cat /sys/kernel/debug/wgzk/stats
pending 0
proof_requests 0
proofs_set 0
deferred 2
refused_full 0
undecryptable 0
accepted 2
refused_handshake 0
rejected 0
expired 0
late_verdict 0
legacy_dropped 0
[exit 0]

$ [client] umask 077; /vagrant/vagrant/artifacts/gen-pk | grep -E '^WGZK_(SK|PK)_HEX=' > /tmp/epoch3.env
[exit 0]

$ [client] grep '^WGZK_PK_HEX=' /tmp/epoch3.env | cut -d= -f2
7e274f820edb2e9740f31e17c8fdeb4d3ed137fd946aed5844db42159e311b3a
[exit 0]

$ [gateway] mkdir -p /etc/systemd/system/wgzk.service.d; umask 077; printf '%s\n' 'WGZK_EPOCH=3
WGZK_PK_HEX=7e274f820edb2e9740f31e17c8fdeb4d3ed137fd946aed5844db42159e311b3a
WGZK_PK_PREV_HEX=dcdb82e47040bc1c8755b978bc1752b9f9678c10ca5858fa056b4ad81d661c6f' > /etc/wgzk-test.env; printf '%s' '[Service]
EnvironmentFile=/etc/wgzk-test.env
' > /etc/systemd/system/wgzk.service.d/test.conf; systemctl daemon-reload; systemctl restart wgzk; sleep 1; systemctl is-active wgzk
active
[exit 0]

$ [client] wg-zk-daemon new-connection --iface wg1l >/dev/null
[exit 0]

$ [client] wg show wg1l public-key
//nzDjDtAcWzU6pfDH+3iFSwrUPFNlonTowckzWsgCE=
[exit 0]

$ [client] ping -6 -c 1 -W 2 fd57:475a:4b00::1
PING fd57:475a:4b00::1(fd57:475a:4b00::1) 56 data bytes
64 bytes from fd57:475a:4b00::1: icmp_seq=1 ttl=64 time=4.52 ms

--- fd57:475a:4b00::1 ping statistics ---
1 packets transmitted, 1 received, 0% packet loss, time 0ms
rtt min/avg/max/mdev = 4.518/4.518/4.518/0.000 ms
[exit 0]

$ [gateway] cat /sys/kernel/debug/wgzk/stats
pending 0
proof_requests 0
proofs_set 0
deferred 3
refused_full 0
undecryptable 0
accepted 3
refused_handshake 0
rejected 0
expired 0
late_verdict 0
legacy_dropped 0
[exit 0]

$ [client] mkdir -p /etc/systemd/system/wgzk.service.d; umask 077; printf '%s\n' '' > /etc/wgzk-test.env; printf '%s' '[Service]
EnvironmentFile=/etc/wgzk-test.env
' > /etc/systemd/system/wgzk.service.d/test.conf; systemctl daemon-reload; systemctl restart wgzk; sleep 1; systemctl is-active wgzk
active
[exit 0]

$ [gateway] journalctl -u wgzk -n 1 --show-cursor -o cat --no-pager | tail -1
-- cursor: s=0a141c1a721742609e902a150aa68efe;i=112dd;b=88dd17b1f48f4d6e89e06cff6d7c7b62;m=130ca70ed;t=65ca0c33bd2a1;x=544cf29ec4366eb8
[exit 0]

$ [client] wg-zk-daemon new-connection --iface wg1l >/dev/null
[exit 0]

$ [client] wg show wg1l public-key
7lnXVah5ij0gfXtwxrqaYCIk4IrpRL6l7eIuna6wlkk=
[exit 0]

$ [client] ping -6 -c 1 -W 2 fd57:475a:4b00::1
PING fd57:475a:4b00::1(fd57:475a:4b00::1) 56 data bytes

--- fd57:475a:4b00::1 ping statistics ---
1 packets transmitted, 0 received, 100% packet loss, time 0ms

[exit 1]

$ [gateway] cat /sys/kernel/debug/wgzk/stats
pending 0
proof_requests 1
proofs_set 0
deferred 4
refused_full 0
undecryptable 0
accepted 3
refused_handshake 0
rejected 1
expired 0
late_verdict 0
legacy_dropped 0
[exit 0]

$ [gateway] journalctl -u wgzk -o cat --no-pager --after-cursor='s=0a141c1a721742609e902a150aa68efe;i=112dd;b=88dd17b1f48f4d6e89e06cff6d7c7b62;m=130ca70ed;t=65ca0c33bd2a1;x=544cf29ec4366eb8'
[timing] side=gateway pending_id=4 token=- nonce_prefix=0487ff37 result=fail reason=proof wait_ct_us=0 verify_us=851 decap_us=0 peer_us=0 total_us=896
[exit 0]
