block 1/5: wireguard
  50/100 trials
  100/100 trials
wireguard: 100/100 handshakes; latency median 0.66 ms, quartiles 0.59 to 0.74, p95 0.96, p99 1.12; steady round trip median 1.05 ms; 1 block(s); host load 0.18 to 0.62 on 8 threads
block 1/5: pq-wireguard
  50/100 trials
  100/100 trials
pq-wireguard: 100/100 handshakes; latency median 1.03 ms, quartiles 0.87 to 1.22, p95 1.40, p99 1.51; steady round trip median 0.98 ms; 1 block(s); host load 0.1 to 0.18 on 8 threads
block 1/5: wgzk-zk
  50/100 trials
  100/100 trials
wgzk-zk: 100/100 handshakes; latency median 1.34 ms, quartiles 1.22 to 1.46, p95 1.62, p99 1.84; steady round trip median 1.04 ms; 1 block(s); host load 0.07 to 0.1 on 8 threads
block 1/5: wgzk-zkpq
  50/100 trials
  100/100 trials
wgzk-zkpq: 100/100 handshakes; latency median 3.84 ms, quartiles 3.71 to 4.02, p95 4.28, p99 4.60; steady round trip median 1.02 ms; 1 block(s); host load 0.01 to 0.07 on 8 threads
block 2/5: wireguard
  50/100 trials
  100/100 trials
wireguard: 200/200 handshakes; latency median 0.65 ms, quartiles 0.58 to 0.75, p95 0.99, p99 1.12; steady round trip median 1.03 ms; 2 block(s); host load 0.01 to 0.62 on 8 threads
block 2/5: pq-wireguard
  50/100 trials
  100/100 trials
pq-wireguard: 200/200 handshakes; latency median 1.04 ms, quartiles 0.87 to 1.20, p95 1.38, p99 1.55; steady round trip median 1.00 ms; 2 block(s); host load 0.02 to 0.18 on 8 threads
block 2/5: wgzk-zk
  50/100 trials
  100/100 trials
wgzk-zk: 200/200 handshakes; latency median 1.37 ms, quartiles 1.24 to 1.51, p95 1.70, p99 1.83; steady round trip median 1.02 ms; 2 block(s); host load 0.02 to 0.1 on 8 threads
block 2/5: wgzk-zkpq
  50/100 trials
  100/100 trials
wgzk-zkpq: 200/200 handshakes; latency median 3.81 ms, quartiles 3.65 to 3.99, p95 4.30, p99 4.61; steady round trip median 1.02 ms; 2 block(s); host load 0.01 to 0.09 on 8 threads
block 3/5: wireguard
  50/100 trials
  100/100 trials
wireguard: 300/300 handshakes; latency median 0.70 ms, quartiles 0.61 to 0.82, p95 1.04, p99 1.20; steady round trip median 1.03 ms; 3 block(s); host load 0.01 to 0.62 on 8 threads
block 3/5: pq-wireguard
  50/100 trials
  100/100 trials
pq-wireguard: 300/300 handshakes; latency median 1.05 ms, quartiles 0.89 to 1.19, p95 1.38, p99 1.53; steady round trip median 1.00 ms; 3 block(s); host load 0.02 to 0.18 on 8 threads
block 3/5: wgzk-zk
  50/100 trials
  100/100 trials
wgzk-zk: 300/300 handshakes; latency median 1.40 ms, quartiles 1.28 to 1.54, p95 1.77, p99 1.93; steady round trip median 1.02 ms; 3 block(s); host load 0.01 to 0.14 on 8 threads
block 3/5: wgzk-zkpq
  50/100 trials
  100/100 trials
wgzk-zkpq: 300/300 handshakes; latency median 3.77 ms, quartiles 3.60 to 3.95, p95 4.24, p99 4.60; steady round trip median 1.02 ms; 3 block(s); host load 0.01 to 0.18 on 8 threads
block 4/5: wireguard
  50/100 trials
  100/100 trials
wireguard: 400/400 handshakes; latency median 0.69 ms, quartiles 0.60 to 0.79, p95 1.00, p99 1.19; steady round trip median 1.02 ms; 4 block(s); host load 0.01 to 0.62 on 8 threads
block 4/5: pq-wireguard
  50/100 trials
  100/100 trials
pq-wireguard: 400/400 handshakes; latency median 1.07 ms, quartiles 0.92 to 1.21, p95 1.38, p99 1.54; steady round trip median 1.00 ms; 4 block(s); host load 0.02 to 0.18 on 8 threads
block 4/5: wgzk-zk
  50/100 trials
  100/100 trials
wgzk-zk: 400/400 handshakes; latency median 1.40 ms, quartiles 1.28 to 1.55, p95 1.79, p99 1.93; steady round trip median 1.02 ms; 4 block(s); host load 0.01 to 0.15 on 8 threads
block 4/5: wgzk-zkpq
  50/100 trials
  100/100 trials
wgzk-zkpq: 400/400 handshakes; latency median 3.77 ms, quartiles 3.57 to 3.97, p95 4.30, p99 4.61; steady round trip median 1.02 ms; 4 block(s); host load 0.01 to 0.18 on 8 threads
block 5/5: wireguard
  50/100 trials
  100/100 trials
wireguard: 500/500 handshakes; latency median 0.72 ms, quartiles 0.61 to 0.83, p95 1.04, p99 1.19; steady round trip median 1.02 ms; 5 block(s); host load 0.01 to 0.62 on 8 threads
block 5/5: pq-wireguard
  50/100 trials
  100/100 trials
pq-wireguard: 500/500 handshakes; latency median 1.08 ms, quartiles 0.92 to 1.21, p95 1.40, p99 1.54; steady round trip median 1.00 ms; 5 block(s); host load 0.02 to 0.27 on 8 threads
block 5/5: wgzk-zk
  50/100 trials
  100/100 trials
wgzk-zk: 500/500 handshakes; latency median 1.38 ms, quartiles 1.26 to 1.53, p95 1.78, p99 1.93; steady round trip median 1.02 ms; 5 block(s); host load 0.01 to 0.27 on 8 threads
block 5/5: wgzk-zkpq
  50/100 trials
  100/100 trials
wgzk-zkpq: 500/500 handshakes; latency median 3.78 ms, quartiles 3.57 to 3.98, p95 4.29, p99 4.63; steady round trip median 1.03 ms; 5 block(s); host load 0.01 to 0.18 on 8 threads
## Handshake latency (ms): first packet to its reply, minus the steady round trip

| run | system | blocks | trials | succeeded | failed | host load, lowest to highest | threads |
|---|---|---|---|---|---|---|---|
| wireguard | wireguard | 5 | 500 | 500 | 0 | 0.01 to 0.62 | 8 |
| pq-wireguard | pq-wireguard | 5 | 500 | 500 | 0 | 0.02 to 0.27 | 8 |
| wgzk-zk | wgzk-zk | 5 | 500 | 500 | 0 | 0.01 to 0.27 | 8 |
| wgzk-zkpq | wgzk-zkpq | 5 | 500 | 500 | 0 | 0.01 to 0.18 | 8 |

| run | n | median | p25 | p75 | p95 | p99 | max |
|---|---|---|---|---|---|---|---|
| wireguard | 500 | 0.72 | 0.61 | 0.83 | 1.04 | 1.19 | 1.40 |
| pq-wireguard | 500 | 1.08 | 0.92 | 1.21 | 1.40 | 1.54 | 1.73 |
| wgzk-zk | 500 | 1.38 | 1.26 | 1.53 | 1.78 | 1.93 | 2.07 |
| wgzk-zkpq | 500 | 3.78 | 3.57 | 3.98 | 4.29 | 4.63 | 5.29 |

## Steady round trip over the established session (ms)

| run | n | median | p25 | p75 | p95 | p99 | max |
|---|---|---|---|---|---|---|---|
| wireguard | 500 | 1.02 | 0.96 | 1.07 | 1.14 | 1.21 | 1.33 |
| pq-wireguard | 500 | 1.00 | 0.94 | 1.04 | 1.10 | 1.15 | 1.28 |
| wgzk-zk | 500 | 1.02 | 0.96 | 1.07 | 1.14 | 1.18 | 1.28 |
| wgzk-zkpq | 500 | 1.03 | 0.96 | 1.07 | 1.14 | 1.29 | 1.40 |

## This design: phases inside the daemons (ms), trials with exactly one handshake


### wgzk-zk (500 trials)

| side, phase | n | median | p25 | p75 | p95 | p99 | max |
|---|---|---|---|---|---|---|---|
| client, zk | 500 | 0.05 | 0.05 | 0.05 | 0.12 | 0.13 | 0.16 |
| client, encap | 500 | 0.00 | 0.00 | 0.00 | 0.00 | 0.00 | 0.01 |
| client, tls | 500 | 0.00 | 0.00 | 0.00 | 0.00 | 0.00 | 0.00 |
| client, write | 500 | 0.00 | 0.00 | 0.00 | 0.00 | 0.00 | 0.00 |
| client, psk | 500 | 0.00 | 0.00 | 0.00 | 0.00 | 0.00 | 0.00 |
| client, total | 500 | 0.07 | 0.07 | 0.08 | 0.15 | 0.17 | 0.20 |
| gateway, wait_ct | 500 | 0.00 | 0.00 | 0.00 | 0.00 | 0.00 | 0.00 |
| gateway, verify | 500 | 0.10 | 0.09 | 0.10 | 0.13 | 0.16 | 0.29 |
| gateway, decap | 500 | 0.00 | 0.00 | 0.00 | 0.00 | 0.00 | 0.00 |
| gateway, peer | 500 | 0.08 | 0.07 | 0.08 | 0.11 | 0.13 | 0.16 |
| gateway, total | 500 | 0.20 | 0.20 | 0.22 | 0.25 | 0.30 | 0.48 |
| outside the daemons | 500 | 1.09 | 0.97 | 1.23 | 1.44 | 1.64 | 1.79 |

### wgzk-zkpq (500 trials)

| side, phase | n | median | p25 | p75 | p95 | p99 | max |
|---|---|---|---|---|---|---|---|
| client, zk | 500 | 0.05 | 0.05 | 0.05 | 0.11 | 0.13 | 0.14 |
| client, encap | 500 | 0.07 | 0.07 | 0.08 | 0.14 | 0.17 | 0.19 |
| client, tls | 500 | 2.15 | 2.04 | 2.26 | 2.39 | 2.50 | 2.90 |
| client, write | 500 | 0.01 | 0.01 | 0.01 | 0.03 | 0.04 | 0.09 |
| client, psk | 500 | 0.03 | 0.03 | 0.04 | 0.04 | 0.09 | 0.10 |
| client, total | 500 | 2.38 | 2.26 | 2.50 | 2.61 | 2.77 | 3.14 |
| gateway, wait_ct | 500 | 0.00 | 0.00 | 0.00 | 0.00 | 0.00 | 0.05 |
| gateway, verify | 500 | 0.10 | 0.10 | 0.11 | 0.16 | 0.17 | 0.27 |
| gateway, decap | 500 | 0.09 | 0.09 | 0.10 | 0.14 | 0.15 | 0.17 |
| gateway, peer | 500 | 0.08 | 0.07 | 0.08 | 0.13 | 0.15 | 0.31 |
| gateway, total | 500 | 0.33 | 0.30 | 0.37 | 0.43 | 0.48 | 0.56 |
| outside the daemons | 500 | 1.06 | 0.90 | 1.20 | 1.44 | 1.65 | 1.99 |

## CPU time per handshake (ms)

Daemon: on-CPU time of its threads. All tasks: on-CPU time of every task of the machine,
idle window subtracted; it contains the driver of the trials. Interrupts: tick counts of
10 ms, idle window subtracted.

| run | machine | handshakes | daemon | all tasks | interrupts (ticks) | window (s) |
|---|---|---|---|---|---|---|
| wireguard | client | 500 |  | 9.664 | 0.080 | 572.8 |
| wireguard | gateway | 500 |  | -1.186 | 0.120 | 572.9 |
| pq-wireguard | client | 500 |  | 49.901 | 0.100 | 603.8 |
| pq-wireguard | gateway | 500 |  | -1.323 | 0.160 | 603.9 |
| wgzk-zk | client | 500 | 0.196 | 17.891 | 0.100 | 580.2 |
| wgzk-zk | gateway | 500 | 0.624 | -0.198 | 0.180 | 580.3 |
| wgzk-zkpq | client | 500 | 0.837 | 18.374 | 0.180 | 580.1 |
| wgzk-zkpq | gateway | 500 | 1.217 | 0.275 | 0.240 | 580.1 |

