
$ [gateway] install -m 755 /vagrant/bench/acceptance/wgzk_probe.py /usr/local/bin/wgzk_probe.py; mkdir -p /etc/systemd/journald.conf.d; printf '[Journal]\nRateLimitIntervalSec=0\n' > /etc/systemd/journald.conf.d/wgzk.conf; systemctl restart systemd-journald; rm -rf /etc/systemd/system/wgzk.service.d /etc/wgzk-test.env; pkill tcpdump; bash /vagrant/vagrant/02-load-module.sh && WGZK_VARIANT=zk-pq bash /vagrant/vagrant/03-gateway.sh
==> Kernel: 6.8.0-59-generic
==> insmod OK
==> lsmod:
wireguard             135168  0
curve25519_x86_64      36864  1 wireguard
libcurve25519_generic    45056  2 curve25519_x86_64,wireguard
ip6_udp_tunnel         16384  1 wireguard
udp_tunnel             32768  1 wireguard
libchacha20poly1305    20480  1 wireguard
==> wireguard.ko loaded OK — wgzk genl registered
active
==> wgzk daemon running (gateway, zk-pq, epoch 1)
interface: wg1r
  public key: /04haUify5NyBHxcAlPNMZYDW7ZeFUCWRvTnHZkKQmE=
  private key: (hidden)
  listening port: 51921
[exit 0]

$ [gateway] iptables -D INPUT -p udp --dport 51921 -j DROP 2>/dev/null; true
[exit 0]

$ [client] install -m 755 /vagrant/bench/acceptance/wgzk_probe.py /usr/local/bin/wgzk_probe.py; mkdir -p /etc/systemd/journald.conf.d; printf '[Journal]\nRateLimitIntervalSec=0\n' > /etc/systemd/journald.conf.d/wgzk.conf; systemctl restart systemd-journald; rm -rf /etc/systemd/system/wgzk.service.d /etc/wgzk-test.env; bash /vagrant/vagrant/02-load-module.sh && PEER_IP=192.168.100.1 WGZK_VARIANT=zk-pq bash /vagrant/vagrant/03-client.sh
==> Kernel: 6.8.0-59-generic
==> insmod OK
==> lsmod:
wireguard             135168  0
curve25519_x86_64      36864  1 wireguard
libcurve25519_generic    45056  2 curve25519_x86_64,wireguard
ip6_udp_tunnel         16384  1 wireguard
udp_tunnel             32768  1 wireguard
libchacha20poly1305    20480  1 wireguard
==> wireguard.ko loaded OK — wgzk genl registered
public_key=/82A0buHb3x6bYDB11QSetj47MfjYd90lE6CxMp+GC4=
address=fd57:475a:4b00:0:2ff4:c51e:3885:5d0c
active
==> wgzk daemon running (client, zk-pq, epoch 1)
interface: wg1l
  public key: /82A0buHb3x6bYDB11QSetj47MfjYd90lE6CxMp+GC4=
  private key: (hidden)
  listening port: 49100

peer: /04haUify5NyBHxcAlPNMZYDW7ZeFUCWRvTnHZkKQmE=
  endpoint: 192.168.100.1:51921
  allowed ips: fd57:475a:4b00::/64
[exit 0]

$ [gateway] journalctl -u wgzk -n 1 --show-cursor -o cat --no-pager | tail -1
-- cursor: s=e6a325d7aab144b09b565d8c4be4d789;i=1d41;b=803d77ddc49e4e5ea7391884acfbd14f;m=2ab16ff7d;t=65ca4a669d27e;x=f9e51e0706da6a66
[exit 0]

$ [gateway] (timeout 12 tcpdump -ni wgtest0 -w /tmp/tls.pcap 'tcp port 51821' >/dev/null 2>&1 </dev/null &) ; sleep 1
[exit 0]

$ [client] wg show wg1l public-key
/82A0buHb3x6bYDB11QSetj47MfjYd90lE6CxMp+GC4=
[exit 0]

$ [client] ping -6 -c 1 -W 2 fd57:475a:4b00::1
PING fd57:475a:4b00::1(fd57:475a:4b00::1) 56 data bytes
64 bytes from fd57:475a:4b00::1: icmp_seq=1 ttl=64 time=5.34 ms

--- fd57:475a:4b00::1 ping statistics ---
1 packets transmitted, 1 received, 0% packet loss, time 0ms
rtt min/avg/max/mdev = 5.339/5.339/5.339/0.000 ms
[exit 0]

$ [client] wg-zk-daemon new-connection --iface wg1l >/dev/null
[exit 0]

$ [client] wg show wg1l public-key
Q3+orRbNUHPo96N5kqiQewQE/CrMe3IuHxAEOYR431Y=
[exit 0]

$ [client] ping -6 -c 1 -W 2 fd57:475a:4b00::1
PING fd57:475a:4b00::1(fd57:475a:4b00::1) 56 data bytes
64 bytes from fd57:475a:4b00::1: icmp_seq=1 ttl=64 time=4.42 ms

--- fd57:475a:4b00::1 ping statistics ---
1 packets transmitted, 1 received, 0% packet loss, time 0ms
rtt min/avg/max/mdev = 4.420/4.420/4.420/0.000 ms
[exit 0]

$ [gateway] pkill tcpdump; sleep 0.5; true
[exit 0]

$ [gateway] wg show wg1r allowed-ips
/82A0buHb3x6bYDB11QSetj47MfjYd90lE6CxMp+GC4=	fd57:475a:4b00:0:2ff4:c51e:3885:5d0c/128
Q3+orRbNUHPo96N5kqiQewQE/CrMe3IuHxAEOYR431Y=	fd57:475a:4b00:0:49b9:9d9a:55e8:49b4/128
[exit 0]

$ [gateway] wg show wg1r preshared-keys | awk '{print $2}' | sort -u | wc -l
2
[exit 0]

$ [gateway] wg show wg1r endpoints | awk '{print $2}'
192.168.100.2:49100
192.168.100.2:58270
[exit 0]

$ [gateway] tcpdump -nr /tmp/tls.pcap 'tcp[tcpflags] & (tcp-syn|tcp-ack) == tcp-syn' 2>/dev/null | awk '{print $3}' | sort -u | wc -l
2
[exit 0]

$ [gateway] journalctl -u wgzk -o cat --no-pager --after-cursor='s=e6a325d7aab144b09b565d8c4be4d789;i=1d41;b=803d77ddc49e4e5ea7391884acfbd14f;m=2ab16ff7d;t=65ca4a669d27e;x=f9e51e0706da6a66'
[mlkem_channel] ciphertext buffered token=822901837 nonce_prefix=98187546
[timing] side=gateway pending_id=1 token=822901837 nonce_prefix=98187546 result=ok wait_ct_us=2 verify_us=183 decap_us=256 peer_us=89 total_us=556
[mlkem_channel] ciphertext buffered token=345742880 nonce_prefix=192b8a13
[timing] side=gateway pending_id=2 token=345742880 nonce_prefix=192b8a13 result=ok wait_ct_us=2 verify_us=96 decap_us=91 peer_us=78 total_us=378
[exit 0]
