
$ [gateway] install -m 755 /vagrant/bench/acceptance/wgzk_probe.py /usr/local/bin/wgzk_probe.py; mkdir -p /etc/systemd/journald.conf.d; printf '[Journal]\nRateLimitIntervalSec=0\n' > /etc/systemd/journald.conf.d/wgzk.conf; systemctl restart systemd-journald; rm -rf /etc/systemd/system/wgzk.service.d /etc/wgzk-test.env; pkill tcpdump; bash /vagrant/vagrant/02-load-module.sh && WGZK_VARIANT=zk-only bash /vagrant/vagrant/03-gateway.sh
==> Kernel: 6.8.0-59-generic
==> insmod OK
==> lsmod:
wireguard             135168  0
curve25519_x86_64      36864  1 wireguard
libcurve25519_generic    45056  2 curve25519_x86_64,wireguard
ip6_udp_tunnel         16384  1 wireguard
udp_tunnel             32768  1 wireguard
libchacha20poly1305    20480  1 wireguard
==> wireguard.ko loaded OK — wgzk genl registered
active
==> wgzk daemon running (gateway, zk-only, epoch 1)
interface: wg1r
  public key: /04haUify5NyBHxcAlPNMZYDW7ZeFUCWRvTnHZkKQmE=
  private key: (hidden)
  listening port: 51921
[exit 0]

$ [gateway] iptables -D INPUT -p udp --dport 51921 -j DROP 2>/dev/null; true
[exit 0]

$ [client] install -m 755 /vagrant/bench/acceptance/wgzk_probe.py /usr/local/bin/wgzk_probe.py; mkdir -p /etc/systemd/journald.conf.d; printf '[Journal]\nRateLimitIntervalSec=0\n' > /etc/systemd/journald.conf.d/wgzk.conf; systemctl restart systemd-journald; rm -rf /etc/systemd/system/wgzk.service.d /etc/wgzk-test.env; bash /vagrant/vagrant/02-load-module.sh && PEER_IP=192.168.100.1 WGZK_VARIANT=zk-only bash /vagrant/vagrant/03-client.sh
==> Kernel: 6.8.0-59-generic
==> insmod OK
==> lsmod:
wireguard             135168  0
curve25519_x86_64      36864  1 wireguard
libcurve25519_generic    45056  2 curve25519_x86_64,wireguard
ip6_udp_tunnel         16384  1 wireguard
udp_tunnel             32768  1 wireguard
libchacha20poly1305    20480  1 wireguard
==> wireguard.ko loaded OK — wgzk genl registered
public_key=BOUEOLQeRT+tzuZgE7tu7YG2OBntdDK26zwmUTZMl20=
address=fd57:475a:4b00:0:ea33:755d:c10a:1309
active
==> wgzk daemon running (client, zk-only, epoch 1)
interface: wg1l
  public key: BOUEOLQeRT+tzuZgE7tu7YG2OBntdDK26zwmUTZMl20=
  private key: (hidden)
  listening port: 43159

peer: /04haUify5NyBHxcAlPNMZYDW7ZeFUCWRvTnHZkKQmE=
  endpoint: 192.168.100.1:51921
  allowed ips: fd57:475a:4b00::/64
[exit 0]

$ [gateway] grep '^WGZK_PK_HEX=' /etc/wgzk.env | cut -d= -f2
00ace459bb0b7b71f68e44936a9c330ea949dd1dd118da7e1aabbbf64099e35c
[exit 0]

$ [client] umask 077; /vagrant/vagrant/artifacts/gen-pk | grep -E '^WGZK_(SK|PK)_HEX=' > /tmp/epoch2.env
[exit 0]

$ [client] grep '^WGZK_PK_HEX=' /tmp/epoch2.env | cut -d= -f2
eef89331ae0451ffbbbd9ea7020e1ad8da3d660cae77b6834e1490efbf1f7643
[exit 0]

$ [gateway] mkdir -p /etc/systemd/system/wgzk.service.d; umask 077; printf '%s\n' 'WGZK_EPOCH=2
WGZK_PK_HEX=eef89331ae0451ffbbbd9ea7020e1ad8da3d660cae77b6834e1490efbf1f7643
WGZK_PK_PREV_HEX=00ace459bb0b7b71f68e44936a9c330ea949dd1dd118da7e1aabbbf64099e35c' > /etc/wgzk-test.env; printf '%s' '[Service]
EnvironmentFile=/etc/wgzk-test.env
' > /etc/systemd/system/wgzk.service.d/test.conf; systemctl daemon-reload; systemctl restart wgzk; sleep 1; systemctl is-active wgzk
active
[exit 0]

$ [gateway] cat /sys/kernel/debug/wgzk/stats
pending 0
proof_requests 0
proofs_set 0
deferred 0
refused_full 0
undecryptable 0
accepted 0
refused_handshake 0
rejected 0
expired 0
late_verdict 0
legacy_dropped 0
[exit 0]

$ [client] ping -6 -c 1 -W 2 fd57:475a:4b00::1
PING fd57:475a:4b00::1(fd57:475a:4b00::1) 56 data bytes
64 bytes from fd57:475a:4b00::1: icmp_seq=1 ttl=64 time=2.42 ms

--- fd57:475a:4b00::1 ping statistics ---
1 packets transmitted, 1 received, 0% packet loss, time 0ms
rtt min/avg/max/mdev = 2.415/2.415/2.415/0.000 ms
[exit 0]

$ [gateway] cat /sys/kernel/debug/wgzk/stats
pending 0
proof_requests 0
proofs_set 0
deferred 1
refused_full 0
undecryptable 0
accepted 1
refused_handshake 0
rejected 0
expired 0
late_verdict 0
legacy_dropped 0
[exit 0]

$ [client] mkdir -p /etc/systemd/system/wgzk.service.d; umask 077; (grep '^WGZK_SK_HEX=' /tmp/epoch2.env; echo WGZK_EPOCH=2) > /etc/wgzk-test.env; printf '[Service]
EnvironmentFile=/etc/wgzk-test.env
' > /etc/systemd/system/wgzk.service.d/test.conf; systemctl daemon-reload; systemctl restart wgzk; sleep 1; systemctl is-active wgzk
active
[exit 0]

$ [client] wg-zk-daemon new-connection --iface wg1l >/dev/null
[exit 0]

$ [client] wg show wg1l public-key
XZjsmHcce/tO1Xobv0U7jWRHdZwrvU641+ZAoh/ICE0=
[exit 0]

$ [client] ping -6 -c 1 -W 2 fd57:475a:4b00::1
PING fd57:475a:4b00::1(fd57:475a:4b00::1) 56 data bytes
64 bytes from fd57:475a:4b00::1: icmp_seq=1 ttl=64 time=2.19 ms

--- fd57:475a:4b00::1 ping statistics ---
1 packets transmitted, 1 received, 0% packet loss, time 0ms
rtt min/avg/max/mdev = 2.194/2.194/2.194/0.000 ms
[exit 0]

$ [gateway] cat /sys/kernel/debug/wgzk/stats
pending 0
proof_requests 0
proofs_set 0
deferred 2
refused_full 0
undecryptable 0
accepted 2
refused_handshake 0
rejected 0
expired 0
late_verdict 0
legacy_dropped 0
[exit 0]

$ [client] umask 077; /vagrant/vagrant/artifacts/gen-pk | grep -E '^WGZK_(SK|PK)_HEX=' > /tmp/epoch3.env
[exit 0]

$ [client] grep '^WGZK_PK_HEX=' /tmp/epoch3.env | cut -d= -f2
e6c154006db73e514c9973d020e4811fe7033d9b4192bb7f599f03a4e0145e11
[exit 0]

$ [gateway] mkdir -p /etc/systemd/system/wgzk.service.d; umask 077; printf '%s\n' 'WGZK_EPOCH=3
WGZK_PK_HEX=e6c154006db73e514c9973d020e4811fe7033d9b4192bb7f599f03a4e0145e11
WGZK_PK_PREV_HEX=eef89331ae0451ffbbbd9ea7020e1ad8da3d660cae77b6834e1490efbf1f7643' > /etc/wgzk-test.env; printf '%s' '[Service]
EnvironmentFile=/etc/wgzk-test.env
' > /etc/systemd/system/wgzk.service.d/test.conf; systemctl daemon-reload; systemctl restart wgzk; sleep 1; systemctl is-active wgzk
active
[exit 0]

$ [client] wg-zk-daemon new-connection --iface wg1l >/dev/null
[exit 0]

$ [client] wg show wg1l public-key
nelW1sdezq3mV0ZvWdLMZxmopTevpgKu5hKdYPRvJF0=
[exit 0]

$ [client] ping -6 -c 1 -W 2 fd57:475a:4b00::1
PING fd57:475a:4b00::1(fd57:475a:4b00::1) 56 data bytes
64 bytes from fd57:475a:4b00::1: icmp_seq=1 ttl=64 time=2.16 ms

--- fd57:475a:4b00::1 ping statistics ---
1 packets transmitted, 1 received, 0% packet loss, time 0ms
rtt min/avg/max/mdev = 2.162/2.162/2.162/0.000 ms
[exit 0]

$ [gateway] cat /sys/kernel/debug/wgzk/stats
pending 0
proof_requests 0
proofs_set 0
deferred 3
refused_full 0
undecryptable 0
accepted 3
refused_handshake 0
rejected 0
expired 0
late_verdict 0
legacy_dropped 0
[exit 0]

$ [client] mkdir -p /etc/systemd/system/wgzk.service.d; umask 077; printf '%s\n' '' > /etc/wgzk-test.env; printf '%s' '[Service]
EnvironmentFile=/etc/wgzk-test.env
' > /etc/systemd/system/wgzk.service.d/test.conf; systemctl daemon-reload; systemctl restart wgzk; sleep 1; systemctl is-active wgzk
active
[exit 0]

$ [gateway] journalctl -u wgzk -n 1 --show-cursor -o cat --no-pager | tail -1
-- cursor: s=e6a325d7aab144b09b565d8c4be4d789;i=1dfb;b=803d77ddc49e4e5ea7391884acfbd14f;m=2b8c32aac;t=65ca4b415fdae;x=f3b55f88a8df361b
[exit 0]

$ [client] wg-zk-daemon new-connection --iface wg1l >/dev/null
[exit 0]

$ [client] wg show wg1l public-key
N4yk1nK2DrkNgBkSFscQybfGMRAFMxXBmXTSsvqTaSQ=
[exit 0]

$ [client] ping -6 -c 1 -W 2 fd57:475a:4b00::1
PING fd57:475a:4b00::1(fd57:475a:4b00::1) 56 data bytes

--- fd57:475a:4b00::1 ping statistics ---
1 packets transmitted, 0 received, 100% packet loss, time 0ms

[exit 1]

$ [gateway] cat /sys/kernel/debug/wgzk/stats
pending 0
proof_requests 0
proofs_set 0
deferred 4
refused_full 0
undecryptable 0
accepted 3
refused_handshake 0
rejected 1
expired 0
late_verdict 0
legacy_dropped 0
[exit 0]

$ [gateway] journalctl -u wgzk -o cat --no-pager --after-cursor='s=e6a325d7aab144b09b565d8c4be4d789;i=1dfb;b=803d77ddc49e4e5ea7391884acfbd14f;m=2b8c32aac;t=65ca4b415fdae;x=f3b55f88a8df361b'
[timing] side=gateway pending_id=4 token=- nonce_prefix=c9da1a8f result=fail reason=proof wait_ct_us=0 verify_us=182 decap_us=0 peer_us=0 total_us=221
[exit 0]
