
$ [gateway] install -m 755 /vagrant/bench/acceptance/wgzk_probe.py /usr/local/bin/wgzk_probe.py; mkdir -p /etc/systemd/journald.conf.d; printf '[Journal]\nRateLimitIntervalSec=0\n' > /etc/systemd/journald.conf.d/wgzk.conf; systemctl restart systemd-journald; rm -rf /etc/systemd/system/wgzk.service.d /etc/wgzk-test.env; pkill tcpdump; bash /vagrant/vagrant/02-load-module.sh && WGZK_VARIANT=zk-only bash /vagrant/vagrant/03-gateway.sh
==> Kernel: 6.8.0-59-generic
==> insmod OK
==> lsmod:
wireguard             135168  0
curve25519_x86_64      36864  1 wireguard
libcurve25519_generic    45056  2 curve25519_x86_64,wireguard
ip6_udp_tunnel         16384  1 wireguard
udp_tunnel             32768  1 wireguard
libchacha20poly1305    20480  1 wireguard
==> wireguard.ko loaded OK — wgzk genl registered
active
==> wgzk daemon running (gateway, zk-only, epoch 1)
interface: wg1r
  public key: /04haUify5NyBHxcAlPNMZYDW7ZeFUCWRvTnHZkKQmE=
  private key: (hidden)
  listening port: 51921
[exit 0]

$ [gateway] iptables -D INPUT -p udp --dport 51921 -j DROP 2>/dev/null; true
[exit 0]

$ [client] install -m 755 /vagrant/bench/acceptance/wgzk_probe.py /usr/local/bin/wgzk_probe.py; mkdir -p /etc/systemd/journald.conf.d; printf '[Journal]\nRateLimitIntervalSec=0\n' > /etc/systemd/journald.conf.d/wgzk.conf; systemctl restart systemd-journald; rm -rf /etc/systemd/system/wgzk.service.d /etc/wgzk-test.env; bash /vagrant/vagrant/02-load-module.sh && PEER_IP=192.168.100.1 WGZK_VARIANT=zk-only bash /vagrant/vagrant/03-client.sh
==> Kernel: 6.8.0-59-generic
==> insmod OK
==> lsmod:
wireguard             135168  0
curve25519_x86_64      36864  1 wireguard
libcurve25519_generic    45056  2 curve25519_x86_64,wireguard
ip6_udp_tunnel         16384  1 wireguard
udp_tunnel             32768  1 wireguard
libchacha20poly1305    20480  1 wireguard
==> wireguard.ko loaded OK — wgzk genl registered
public_key=vSB7fmdvYgVkq/8Pkj0IPrBs0rocuN5FIAn6siomOxQ=
address=fd57:475a:4b00:0:b2cc:c65:4030:e4c3
active
==> wgzk daemon running (client, zk-only, epoch 1)
interface: wg1l
  public key: vSB7fmdvYgVkq/8Pkj0IPrBs0rocuN5FIAn6siomOxQ=
  private key: (hidden)
  listening port: 56905

peer: /04haUify5NyBHxcAlPNMZYDW7ZeFUCWRvTnHZkKQmE=
  endpoint: 192.168.100.1:51921
  allowed ips: fd57:475a:4b00::/64
[exit 0]

$ [client] ping -6 -c 1 -W 2 fd57:475a:4b00::1
PING fd57:475a:4b00::1(fd57:475a:4b00::1) 56 data bytes
64 bytes from fd57:475a:4b00::1: icmp_seq=1 ttl=64 time=2.65 ms

--- fd57:475a:4b00::1 ping statistics ---
1 packets transmitted, 1 received, 0% packet loss, time 0ms
rtt min/avg/max/mdev = 2.649/2.649/2.649/0.000 ms
[exit 0]

$ [gateway] iptables -I INPUT -p udp --dport 51921 -j DROP
[exit 0]

$ [client] wg set wg1l peer /04haUify5NyBHxcAlPNMZYDW7ZeFUCWRvTnHZkKQmE= remove; wg set wg1l peer /04haUify5NyBHxcAlPNMZYDW7ZeFUCWRvTnHZkKQmE= allowed-ips fd57:475a:4b00::/64 endpoint 192.168.100.1:51921; python3 /usr/local/bin/wgzk_probe.py capture --iface wgtest0 --out /tmp/fresh.bin --timeout 8 --gw-pub /04haUify5NyBHxcAlPNMZYDW7ZeFUCWRvTnHZkKQmE= & sleep 0.7; ping -6 -c 1 -W 2 fd57:475a:4b00::1 >/dev/null; wait; ip link set wg1l down
{"event": "captured", "mac1_ok": true, "n": 1, "nonce4": "4be0b556", "sender_index": 1256440278, "sport": 56905}
{"captured": 1, "event": "capture_done", "wanted": 1}
[exit 0]

$ [gateway] iptables -D INPUT -p udp --dport 51921 -j DROP
[exit 0]

$ [gateway] cat /sys/kernel/debug/wgzk/stats
pending 0
proof_requests 0
proofs_set 0
deferred 1
refused_full 0
undecryptable 0
accepted 1
refused_handshake 0
rejected 0
expired 0
late_verdict 0
legacy_dropped 0
[exit 0]

$ [client] python3 /usr/local/bin/wgzk_probe.py send --in /tmp/fresh.bin --plain --gw-pub /04haUify5NyBHxcAlPNMZYDW7ZeFUCWRvTnHZkKQmE= --dst 192.168.100.1:51921 --listen 1
{"bytes": 148, "cookie_replies": 0, "count": 1, "event": "sent", "mutate": "none", "nonce4": "4be0b556", "other_replies": 0, "plain": true, "responses": 0, "seconds": 0.0, "sender_index": 1256440278}
[exit 0]

$ [gateway] cat /sys/kernel/debug/wgzk/stats
pending 0
proof_requests 0
proofs_set 0
deferred 1
refused_full 0
undecryptable 0
accepted 1
refused_handshake 0
rejected 0
expired 0
late_verdict 0
legacy_dropped 1
[exit 0]

$ [gateway] echo 0 > /sys/module/wireguard/parameters/require_zk
[exit 0]

$ [client] python3 /usr/local/bin/wgzk_probe.py send --in /tmp/fresh.bin --plain --gw-pub /04haUify5NyBHxcAlPNMZYDW7ZeFUCWRvTnHZkKQmE= --dst 192.168.100.1:51921 --listen 1
{"bytes": 148, "cookie_replies": 0, "count": 1, "event": "sent", "mutate": "none", "nonce4": "4be0b556", "other_replies": 0, "plain": true, "responses": 1, "seconds": 0.0, "sender_index": 1256440278}
[exit 0]

$ [gateway] echo 1 > /sys/module/wireguard/parameters/require_zk
[exit 0]

$ [gateway] cat /sys/kernel/debug/wgzk/stats
pending 0
proof_requests 0
proofs_set 0
deferred 1
refused_full 0
undecryptable 0
accepted 1
refused_handshake 0
rejected 0
expired 0
late_verdict 0
legacy_dropped 1
[exit 0]
