
$ [gateway] install -m 755 /vagrant/bench/acceptance/wgzk_probe.py /usr/local/bin/wgzk_probe.py; mkdir -p /etc/systemd/journald.conf.d; printf '[Journal]\nRateLimitIntervalSec=0\n' > /etc/systemd/journald.conf.d/wgzk.conf; systemctl restart systemd-journald; rm -rf /etc/systemd/system/wgzk.service.d /etc/wgzk-test.env; pkill tcpdump; bash /vagrant/vagrant/02-load-module.sh && WGZK_VARIANT=zk-only bash /vagrant/vagrant/03-gateway.sh
==> Kernel: 6.8.0-59-generic
==> insmod OK
==> lsmod:
wireguard             135168  0
curve25519_x86_64      36864  1 wireguard
libcurve25519_generic    45056  2 curve25519_x86_64,wireguard
ip6_udp_tunnel         16384  1 wireguard
udp_tunnel             32768  1 wireguard
libchacha20poly1305    20480  1 wireguard
==> wireguard.ko loaded OK — wgzk genl registered
active
==> wgzk daemon running (gateway, zk-only, epoch 1)
interface: wg1r
  public key: /04haUify5NyBHxcAlPNMZYDW7ZeFUCWRvTnHZkKQmE=
  private key: (hidden)
  listening port: 51921
[exit 0]

$ [gateway] iptables -D INPUT -p udp --dport 51921 -j DROP 2>/dev/null; true
[exit 0]

$ [client] install -m 755 /vagrant/bench/acceptance/wgzk_probe.py /usr/local/bin/wgzk_probe.py; mkdir -p /etc/systemd/journald.conf.d; printf '[Journal]\nRateLimitIntervalSec=0\n' > /etc/systemd/journald.conf.d/wgzk.conf; systemctl restart systemd-journald; rm -rf /etc/systemd/system/wgzk.service.d /etc/wgzk-test.env; bash /vagrant/vagrant/02-load-module.sh && PEER_IP=192.168.100.1 WGZK_VARIANT=zk-only bash /vagrant/vagrant/03-client.sh
==> Kernel: 6.8.0-59-generic
==> insmod OK
==> lsmod:
wireguard             135168  0
curve25519_x86_64      36864  1 wireguard
libcurve25519_generic    45056  2 curve25519_x86_64,wireguard
ip6_udp_tunnel         16384  1 wireguard
udp_tunnel             32768  1 wireguard
libchacha20poly1305    20480  1 wireguard
==> wireguard.ko loaded OK — wgzk genl registered
public_key=Q0SzRmsU+mfyYbNtIPYQf5pl1CP1n2J57Sp6T4QshkE=
address=fd57:475a:4b00:0:ca0c:5e23:1bbc:940a
active
==> wgzk daemon running (client, zk-only, epoch 1)
interface: wg1l
  public key: Q0SzRmsU+mfyYbNtIPYQf5pl1CP1n2J57Sp6T4QshkE=
  private key: (hidden)
  listening port: 34893

peer: /04haUify5NyBHxcAlPNMZYDW7ZeFUCWRvTnHZkKQmE=
  endpoint: 192.168.100.1:51921
  allowed ips: fd57:475a:4b00::/64
[exit 0]

$ [gateway] iptables -I INPUT -p udp --dport 51921 -j DROP
[exit 0]

$ [client] python3 /usr/local/bin/wgzk_probe.py capture --iface wgtest0 --out /tmp/fresh.bin --timeout 8 --gw-pub /04haUify5NyBHxcAlPNMZYDW7ZeFUCWRvTnHZkKQmE= & sleep 0.7; ping -6 -c 1 -W 2 fd57:475a:4b00::1 >/dev/null; wait; ip link set wg1l down
{"event": "captured", "mac1_ok": true, "n": 1, "nonce4": "b4daef64", "sender_index": 37754432, "sport": 34893}
{"captured": 1, "event": "capture_done", "wanted": 1}
[exit 0]

$ [gateway] iptables -D INPUT -p udp --dport 51921 -j DROP
[exit 0]

$ [client] wg show wg1l public-key
Q0SzRmsU+mfyYbNtIPYQf5pl1CP1n2J57Sp6T4QshkE=
[exit 0]

$ [gateway] cat /sys/kernel/debug/wgzk/stats
pending 0
proof_requests 0
proofs_set 0
deferred 0
refused_full 0
undecryptable 0
accepted 0
refused_handshake 0
rejected 0
expired 0
late_verdict 0
legacy_dropped 0
[exit 0]

$ [gateway] journalctl -u wgzk -n 1 --show-cursor -o cat --no-pager | tail -1
-- cursor: s=e6a325d7aab144b09b565d8c4be4d789;i=2032;b=803d77ddc49e4e5ea7391884acfbd14f;m=2c91d56f0;t=65ca4c47029f1;x=d7e8f7a9bd57f3c4
[exit 0]

$ [client] python3 /usr/local/bin/wgzk_probe.py send --in /tmp/fresh.bin --dst 192.168.100.1:51921 --count 2 --listen 1.5
{"bytes": 244, "cookie_replies": 0, "count": 2, "event": "sent", "mutate": "none", "nonce4": "b4daef64", "other_replies": 0, "plain": false, "responses": 1, "seconds": 0.0, "sender_index": 37754432}
[exit 0]

$ [gateway] cat /sys/kernel/debug/wgzk/stats
pending 0
proof_requests 0
proofs_set 0
deferred 2
refused_full 0
undecryptable 0
accepted 1
refused_handshake 0
rejected 1
expired 0
late_verdict 0
legacy_dropped 0
[exit 0]

$ [gateway] journalctl -u wgzk -o cat --no-pager --after-cursor='s=e6a325d7aab144b09b565d8c4be4d789;i=2032;b=803d77ddc49e4e5ea7391884acfbd14f;m=2c91d56f0;t=65ca4c47029f1;x=d7e8f7a9bd57f3c4'
[timing] side=gateway pending_id=1 token=- nonce_prefix=b4daef64 result=ok wait_ct_us=0 verify_us=160 decap_us=0 peer_us=111 total_us=304
[timing] side=gateway pending_id=2 token=- nonce_prefix=b4daef64 result=fail reason=replay wait_ct_us=0 verify_us=0 decap_us=0 peer_us=0 total_us=584
[exit 0]

$ [gateway] wg show wg1r allowed-ips
Q0SzRmsU+mfyYbNtIPYQf5pl1CP1n2J57Sp6T4QshkE=	fd57:475a:4b00:0:ca0c:5e23:1bbc:940a/128
[exit 0]
