
$ [gateway] install -m 755 /vagrant/bench/acceptance/wgzk_probe.py /usr/local/bin/wgzk_probe.py; mkdir -p /etc/systemd/journald.conf.d; printf '[Journal]\nRateLimitIntervalSec=0\n' > /etc/systemd/journald.conf.d/wgzk.conf; systemctl restart systemd-journald; rm -rf /etc/systemd/system/wgzk.service.d /etc/wgzk-test.env; pkill tcpdump; bash /vagrant/vagrant/02-load-module.sh && WGZK_VARIANT=zk-only bash /vagrant/vagrant/03-gateway.sh
==> Kernel: 6.8.0-59-generic
==> insmod OK
==> lsmod:
wireguard             135168  0
curve25519_x86_64      36864  1 wireguard
libcurve25519_generic    45056  2 curve25519_x86_64,wireguard
ip6_udp_tunnel         16384  1 wireguard
udp_tunnel             32768  1 wireguard
libchacha20poly1305    20480  1 wireguard
==> wireguard.ko loaded OK — wgzk genl registered
active
==> wgzk daemon running (gateway, zk-only, epoch 1)
interface: wg1r
  public key: /04haUify5NyBHxcAlPNMZYDW7ZeFUCWRvTnHZkKQmE=
  private key: (hidden)
  listening port: 51921
[exit 0]

$ [gateway] iptables -D INPUT -p udp --dport 51921 -j DROP 2>/dev/null; true
[exit 0]

$ [client] install -m 755 /vagrant/bench/acceptance/wgzk_probe.py /usr/local/bin/wgzk_probe.py; mkdir -p /etc/systemd/journald.conf.d; printf '[Journal]\nRateLimitIntervalSec=0\n' > /etc/systemd/journald.conf.d/wgzk.conf; systemctl restart systemd-journald; rm -rf /etc/systemd/system/wgzk.service.d /etc/wgzk-test.env; bash /vagrant/vagrant/02-load-module.sh && PEER_IP=192.168.100.1 WGZK_VARIANT=zk-only bash /vagrant/vagrant/03-client.sh
==> Kernel: 6.8.0-59-generic
==> insmod OK
==> lsmod:
wireguard             135168  0
curve25519_x86_64      36864  1 wireguard
libcurve25519_generic    45056  2 curve25519_x86_64,wireguard
ip6_udp_tunnel         16384  1 wireguard
udp_tunnel             32768  1 wireguard
libchacha20poly1305    20480  1 wireguard
==> wireguard.ko loaded OK — wgzk genl registered
public_key=GvmL7ft0HsqXcvSg2t2PcklYbqM8JS3xK3VKj0s2cn0=
address=fd57:475a:4b00:0:b77:c887:7846:253e
active
==> wgzk daemon running (client, zk-only, epoch 1)
interface: wg1l
  public key: GvmL7ft0HsqXcvSg2t2PcklYbqM8JS3xK3VKj0s2cn0=
  private key: (hidden)
  listening port: 35733

peer: /04haUify5NyBHxcAlPNMZYDW7ZeFUCWRvTnHZkKQmE=
  endpoint: 192.168.100.1:51921
  allowed ips: fd57:475a:4b00::/64
[exit 0]

$ [gateway] iptables -I INPUT -p udp --dport 51921 -j DROP
[exit 0]

$ [client] python3 /usr/local/bin/wgzk_probe.py capture --iface wgtest0 --out /tmp/fresh.bin --timeout 8 --gw-pub /04haUify5NyBHxcAlPNMZYDW7ZeFUCWRvTnHZkKQmE= & sleep 0.7; ping -6 -c 1 -W 2 fd57:475a:4b00::1 >/dev/null; wait; ip link set wg1l down
{"event": "captured", "mac1_ok": true, "n": 1, "nonce4": "14f06a03", "sender_index": 3415920272, "sport": 35733}
{"captured": 1, "event": "capture_done", "wanted": 1}
[exit 0]

$ [gateway] iptables -D INPUT -p udp --dport 51921 -j DROP
[exit 0]

$ [gateway] systemctl stop wgzk; echo 60000 > /sys/module/wireguard/parameters/pending_timeout_ms
[exit 0]

$ [gateway] cat /sys/kernel/debug/wgzk/stats
pending 0
proof_requests 0
proofs_set 0
deferred 0
refused_full 0
undecryptable 0
accepted 0
refused_handshake 0
rejected 0
expired 0
late_verdict 0
legacy_dropped 0
[exit 0]

$ [client] python3 /usr/local/bin/wgzk_probe.py send --in /tmp/fresh.bin --dst 192.168.100.1:51921 --listen 0.2
{"bytes": 244, "cookie_replies": 0, "count": 1, "event": "sent", "mutate": "none", "nonce4": "14f06a03", "other_replies": 0, "plain": false, "responses": 0, "seconds": 0.0, "sender_index": 3415920272}
[exit 0]

$ [gateway] awk 'NR>2 {print $1; exit}' /sys/kernel/debug/wgzk/pending
1
[exit 0]

$ [gateway] sudo -u nobody python3 /usr/local/bin/wgzk_probe.py verdict --pending-id 1 --result 1
{"errno": 1, "error": "Operation not permitted", "event": "verdict", "pending_id": 1, "result": 1, "uid": 65534}
[exit 0]

$ [gateway] cat /sys/kernel/debug/wgzk/stats
pending 1
proof_requests 0
proofs_set 0
deferred 1
refused_full 0
undecryptable 0
accepted 0
refused_handshake 0
rejected 0
expired 0
late_verdict 0
legacy_dropped 0
[exit 0]

$ [gateway] python3 /usr/local/bin/wgzk_probe.py verdict --pending-id 1 --result 0
{"errno": 0, "error": "", "event": "verdict", "pending_id": 1, "result": 0, "uid": 0}
[exit 0]

$ [gateway] cat /sys/kernel/debug/wgzk/stats
pending 0
proof_requests 0
proofs_set 0
deferred 1
refused_full 0
undecryptable 0
accepted 0
refused_handshake 0
rejected 1
expired 0
late_verdict 0
legacy_dropped 0
[exit 0]

$ [gateway] python3 /usr/local/bin/wgzk_probe.py verdict --pending-id 987654321 --result 1
{"errno": 2, "error": "No such file or directory", "event": "verdict", "pending_id": 987654321, "result": 1, "uid": 0}
[exit 0]
